Archive member included to satisfy reference by file (symbol)

/home/anhnt_iti2/work/freedom_tools/freedom-studio/SiFive/riscv64-unknown-elf-gcc-8.3.0-2019.08.0/bin/../lib/gcc/riscv64-unknown-elf/8.3.0/../../../../riscv64-unknown-elf/lib/rv64imac/lp64/libc_nano.a(lib_a-printf.o)
                              /tmp/ccLSZGxt.o (printf)
/home/anhnt_iti2/work/freedom_tools/freedom-studio/SiFive/riscv64-unknown-elf-gcc-8.3.0-2019.08.0/bin/../lib/gcc/riscv64-unknown-elf/8.3.0/../../../../riscv64-unknown-elf/lib/rv64imac/lp64/libc_nano.a(lib_a-puts.o)
                              /tmp/ccLSZGxt.o (puts)
/home/anhnt_iti2/work/freedom_tools/freedom-studio/SiFive/riscv64-unknown-elf-gcc-8.3.0-2019.08.0/bin/../lib/gcc/riscv64-unknown-elf/8.3.0/../../../../riscv64-unknown-elf/lib/rv64imac/lp64/libc_nano.a(lib_a-wbuf.o)
                              /home/anhnt_iti2/work/freedom_tools/freedom-studio/SiFive/riscv64-unknown-elf-gcc-8.3.0-2019.08.0/bin/../lib/gcc/riscv64-unknown-elf/8.3.0/../../../../riscv64-unknown-elf/lib/rv64imac/lp64/libc_nano.a(lib_a-puts.o) (__swbuf_r)
/home/anhnt_iti2/work/freedom_tools/freedom-studio/SiFive/riscv64-unknown-elf-gcc-8.3.0-2019.08.0/bin/../lib/gcc/riscv64-unknown-elf/8.3.0/../../../../riscv64-unknown-elf/lib/rv64imac/lp64/libc_nano.a(lib_a-wsetup.o)
                              /home/anhnt_iti2/work/freedom_tools/freedom-studio/SiFive/riscv64-unknown-elf-gcc-8.3.0-2019.08.0/bin/../lib/gcc/riscv64-unknown-elf/8.3.0/../../../../riscv64-unknown-elf/lib/rv64imac/lp64/libc_nano.a(lib_a-puts.o) (__swsetup_r)
/home/anhnt_iti2/work/freedom_tools/freedom-studio/SiFive/riscv64-unknown-elf-gcc-8.3.0-2019.08.0/bin/../lib/gcc/riscv64-unknown-elf/8.3.0/../../../../riscv64-unknown-elf/lib/rv64imac/lp64/libc_nano.a(lib_a-fflush.o)
                              /home/anhnt_iti2/work/freedom_tools/freedom-studio/SiFive/riscv64-unknown-elf-gcc-8.3.0-2019.08.0/bin/../lib/gcc/riscv64-unknown-elf/8.3.0/../../../../riscv64-unknown-elf/lib/rv64imac/lp64/libc_nano.a(lib_a-wbuf.o) (_fflush_r)
/home/anhnt_iti2/work/freedom_tools/freedom-studio/SiFive/riscv64-unknown-elf-gcc-8.3.0-2019.08.0/bin/../lib/gcc/riscv64-unknown-elf/8.3.0/../../../../riscv64-unknown-elf/lib/rv64imac/lp64/libc_nano.a(lib_a-findfp.o)
                              /home/anhnt_iti2/work/freedom_tools/freedom-studio/SiFive/riscv64-unknown-elf-gcc-8.3.0-2019.08.0/bin/../lib/gcc/riscv64-unknown-elf/8.3.0/../../../../riscv64-unknown-elf/lib/rv64imac/lp64/libc_nano.a(lib_a-printf.o) (__sinit)
/home/anhnt_iti2/work/freedom_tools/freedom-studio/SiFive/riscv64-unknown-elf-gcc-8.3.0-2019.08.0/bin/../lib/gcc/riscv64-unknown-elf/8.3.0/../../../../riscv64-unknown-elf/lib/rv64imac/lp64/libc_nano.a(lib_a-fwalk.o)
                              /home/anhnt_iti2/work/freedom_tools/freedom-studio/SiFive/riscv64-unknown-elf-gcc-8.3.0-2019.08.0/bin/../lib/gcc/riscv64-unknown-elf/8.3.0/../../../../riscv64-unknown-elf/lib/rv64imac/lp64/libc_nano.a(lib_a-findfp.o) (_fwalk)
/home/anhnt_iti2/work/freedom_tools/freedom-studio/SiFive/riscv64-unknown-elf-gcc-8.3.0-2019.08.0/bin/../lib/gcc/riscv64-unknown-elf/8.3.0/../../../../riscv64-unknown-elf/lib/rv64imac/lp64/libc_nano.a(lib_a-impure.o)
                              /home/anhnt_iti2/work/freedom_tools/freedom-studio/SiFive/riscv64-unknown-elf-gcc-8.3.0-2019.08.0/bin/../lib/gcc/riscv64-unknown-elf/8.3.0/../../../../riscv64-unknown-elf/lib/rv64imac/lp64/libc_nano.a(lib_a-fflush.o) (_global_impure_ptr)
/home/anhnt_iti2/work/freedom_tools/freedom-studio/SiFive/riscv64-unknown-elf-gcc-8.3.0-2019.08.0/bin/../lib/gcc/riscv64-unknown-elf/8.3.0/../../../../riscv64-unknown-elf/lib/rv64imac/lp64/libc_nano.a(lib_a-makebuf.o)
                              /home/anhnt_iti2/work/freedom_tools/freedom-studio/SiFive/riscv64-unknown-elf-gcc-8.3.0-2019.08.0/bin/../lib/gcc/riscv64-unknown-elf/8.3.0/../../../../riscv64-unknown-elf/lib/rv64imac/lp64/libc_nano.a(lib_a-wsetup.o) (__smakebuf_r)
/home/anhnt_iti2/work/freedom_tools/freedom-studio/SiFive/riscv64-unknown-elf-gcc-8.3.0-2019.08.0/bin/../lib/gcc/riscv64-unknown-elf/8.3.0/../../../../riscv64-unknown-elf/lib/rv64imac/lp64/libc_nano.a(lib_a-memset.o)
                              /home/anhnt_iti2/work/freedom_tools/freedom-studio/SiFive/riscv64-unknown-elf-gcc-8.3.0-2019.08.0/bin/../lib/gcc/riscv64-unknown-elf/8.3.0/../../../../riscv64-unknown-elf/lib/rv64imac/lp64/libc_nano.a(lib_a-findfp.o) (memset)
/home/anhnt_iti2/work/freedom_tools/freedom-studio/SiFive/riscv64-unknown-elf-gcc-8.3.0-2019.08.0/bin/../lib/gcc/riscv64-unknown-elf/8.3.0/../../../../riscv64-unknown-elf/lib/rv64imac/lp64/libc_nano.a(lib_a-nano-freer.o)
                              /home/anhnt_iti2/work/freedom_tools/freedom-studio/SiFive/riscv64-unknown-elf-gcc-8.3.0-2019.08.0/bin/../lib/gcc/riscv64-unknown-elf/8.3.0/../../../../riscv64-unknown-elf/lib/rv64imac/lp64/libc_nano.a(lib_a-wsetup.o) (_free_r)
[...]
Memory Configuration

Name             Origin             Length             Attributes
testram          0x0000000080000000 0x0000000010000000 axrwl
*default*        0x0000000000000000 0xffffffffffffffff

Linker script and memory map

LOAD /tmp/ccLSZGxt.o
LOAD /tmp/ccUd1ER8.o
LOAD /tmp/ccd4x5Bm.o
START GROUP
LOAD /home/anhnt_iti2/work/freedom_tools/freedom-studio/SiFive/riscv64-unknown-elf-gcc-8.3.0-2019.08.0/bin/../lib/gcc/riscv64-unknown-elf/8.3.0/../../../../riscv64-unknown-elf/lib/rv64imac/lp64/libc_nano.a
LOAD /home/anhnt_iti2/work/freedom_tools/freedom-studio/SiFive/riscv64-unknown-elf-gcc-8.3.0-2019.08.0/bin/../lib/gcc/riscv64-unknown-elf/8.3.0/rv64imac/lp64/libgcc.a
LOAD /home/anhnt_iti2/work/freedom_tools/freedom-studio/SiFive/riscv64-unknown-elf-gcc-8.3.0-2019.08.0/bin/../lib/gcc/riscv64-unknown-elf/8.3.0/../../../../riscv64-unknown-elf/lib/rv64imac/lp64/libm.a
LOAD /home/anhnt_iti2/work/freedom_tools/freedom-e-sdk/bsp/arty_a7_100t/install/lib/debug//libmetal.a
LOAD /home/anhnt_iti2/work/freedom_tools/freedom-e-sdk/bsp/arty_a7_100t/install/lib/debug//libmetal-gloss.a
END GROUP
                0x0000000000000400                __stack_size = DEFINED (__stack_size)?__stack_size:0x400
                [!provide]                        PROVIDE (__stack_size = __stack_size)
                0x0000000000000800                __heap_size = DEFINED (__heap_size)?__heap_size:0x800
                0x0000000000000000                PROVIDE (__metal_boot_hart = 0x0)
                0x0000000000000001                PROVIDE (__metal_chicken_bit = 0x1)
                0x0000000000000000                PROVIDE (__metal_eccscrub_bit = 0x0)
                [!provide]                        PROVIDE (metal_memory_0_memory_start = 0x80000000)
                [!provide]                        PROVIDE (metal_memory_0_memory_end = 0x80010000)

.init           0x0000000080000000      0x2da
 *(.text.metal.init.enter)
 .text.metal.init.enter
                0x0000000080000000       0x92 /home/anhnt_iti2/work/freedom_tools/freedom-e-sdk/bsp/arty_a7_100t/install/lib/debug//libmetal.a(entry.o)
                0x0000000080000000                _enter
 *(.text.metal.init.*)
 .text.metal.init.__register_frame_info
                0x0000000080000092        0x2 /home/anhnt_iti2/work/freedom_tools/freedom-e-sdk/bsp/arty_a7_100t/install/lib/debug//libmetal.a(entry.o)
                0x0000000080000092                __register_frame_info
 .text.metal.init.scrub
                0x0000000080000094       0xb0 /home/anhnt_iti2/work/freedom_tools/freedom-e-sdk/bsp/arty_a7_100t/install/lib/debug//libmetal.a(scrub.o)
                0x0000000080000094                metal_mem_scrub
                0x00000000800000d8                __metal_before_start
 *fill*         0x0000000080000144        0x0 
 .text.metal.init.trapvec
                0x0000000080000144        0xe /home/anhnt_iti2/work/freedom_tools/freedom-e-sdk/bsp/arty_a7_100t/install/lib/debug//libmetal.a(trap.o)
                0x0000000080000144                early_trap_vector
 *(SORT_NONE(.init))
 .init          0x0000000080000152        0xe /home/anhnt_iti2/work/freedom_tools/freedom-e-sdk/bsp/arty_a7_100t/install/lib/debug//libmetal.a(synchronize_harts.o)
                0x0000000080000152                __metal_synchronize_harts
 *(.text.libgloss.start)
 .text.libgloss.start
                0x0000000080000160      0x17a /home/anhnt_iti2/work/freedom_tools/freedom-e-sdk/bsp/arty_a7_100t/install/lib/debug//libmetal-gloss.a(crt0.o)
                0x0000000080000160                _start
                0x00000000800002b8                _init
                0x00000000800002b8                _fini
                0x00000000800002ba                secondary_main

.fini
 *(SORT_NONE(.fini))

.preinit_array  0x00000000800002e0        0x0
                0x00000000800002e0                PROVIDE (__preinit_array_start = .)
 *(.preinit_array)
                0x00000000800002e0                PROVIDE (__preinit_array_end = .)

.init_array     0x00000000800002e0        0x8
                0x00000000800002e0                PROVIDE (__init_array_start = .)
 *(SORT_BY_INIT_PRIORITY(.init_array.*) SORT_BY_INIT_PRIORITY(.ctors.*))
 *(.init_array EXCLUDE_FILE(*crtend?.o *crtend.o *crtbegin?.o *crtbegin.o) .ctors)
                0x00000000800002e0                PROVIDE (__init_array_end = .)
                0x00000000800002e0                PROVIDE (metal_constructors_start = .)
 *(SORT_BY_INIT_PRIORITY(.metal.init_array.*))
 .metal.init_array.5000
                0x00000000800002e0        0x8 /home/anhnt_iti2/work/freedom_tools/freedom-e-sdk/bsp/arty_a7_100t/install/lib/debug//libmetal.a(tty.o)
                0x00000000800002e0                _metal_tty_init_ptr
 *(.metal.init_array)
                0x00000000800002e8                PROVIDE (metal_constructors_end = .)

.fini_array     0x00000000800002e8        0x0
                0x00000000800002e8                PROVIDE (__fini_array_start = .)
 *(SORT_BY_INIT_PRIORITY(.fini_array.*) SORT_BY_INIT_PRIORITY(.dtors.*))
 *(.fini_array EXCLUDE_FILE(*crtend?.o *crtend.o *crtbegin?.o *crtbegin.o) .dtors)
                0x00000000800002e8                PROVIDE (__fini_array_end = .)
                0x00000000800002e8                PROVIDE (metal_destructors_start = .)
 *(SORT_BY_INIT_PRIORITY(.metal.fini_array.*))
 *(.metal.fini_array)
                0x00000000800002e8                PROVIDE (metal_destructors_end = .)

.ctors          0x00000000800002e8       0x24
 *crtbegin.o(.ctors)
 *crtbegin?.o(.ctors)
 *(EXCLUDE_FILE(*crtend?.o *crtend.o) .ctors)
 *(SORT_BY_NAME(.ctors.*))
 *(.ctors)
 *(.metal.ctors .metal.ctors.*)
 .metal.ctors   0x00000000800002e8       0x24 /home/anhnt_iti2/work/freedom_tools/freedom-e-sdk/bsp/arty_a7_100t/install/lib/debug//libmetal.a(tty.o)
                0x00000000800002e8                metal_tty_init

.dtors
 *crtbegin.o(.dtors)
 *crtbegin?.o(.dtors)
 *(EXCLUDE_FILE(*crtend?.o *crtend.o) .dtors)
 *(SORT_BY_NAME(.dtors.*))
 *(.dtors)
 *(.metal.dtors .metal.dtors.*)

.rodata         0x0000000080000310      0x668
 *(.rdata)
 *(.rodata .rodata.*)
 .rodata        0x0000000080000310       0x92 /tmp/ccLSZGxt.o
 *fill*         0x00000000800003a2        0x6 
 .rodata.__sf_fake_stderr
                0x00000000800003a8       0x38 /home/anhnt_iti2/work/freedom_tools/freedom-studio/SiFive/riscv64-unknown-elf-gcc-8.3.0-2019.08.0/bin/../lib/gcc/riscv64-unknown-elf/8.3.0/../../../../riscv64-unknown-elf/lib/rv64imac/lp64/libc_nano.a(lib_a-findfp.o)
                0x00000000800003a8                __sf_fake_stderr
 .rodata.__sf_fake_stdin
                0x00000000800003e0       0x38 /home/anhnt_iti2/work/freedom_tools/freedom-studio/SiFive/riscv64-unknown-elf-gcc-8.3.0-2019.08.0/bin/../lib/gcc/riscv64-unknown-elf/8.3.0/../../../../riscv64-unknown-elf/lib/rv64imac/lp64/libc_nano.a(lib_a-findfp.o)
                0x00000000800003e0                __sf_fake_stdin
 .rodata.__sf_fake_stdout
                0x0000000080000418       0x38 /home/anhnt_iti2/work/freedom_tools/freedom-studio/SiFive/riscv64-unknown-elf-gcc-8.3.0-2019.08.0/bin/../lib/gcc/riscv64-unknown-elf/8.3.0/../../../../riscv64-unknown-elf/lib/rv64imac/lp64/libc_nano.a(lib_a-findfp.o)
                0x0000000080000418                __sf_fake_stdout
 .rodata._vfprintf_r.str1.8
                0x0000000080000450       0x17 /home/anhnt_iti2/work/freedom_tools/freedom-studio/SiFive/riscv64-unknown-elf-gcc-8.3.0-2019.08.0/bin/../lib/gcc/riscv64-unknown-elf/8.3.0/../../../../riscv64-unknown-elf/lib/rv64imac/lp64/libc_nano.a(lib_a-nano-vfprintf.o)
 *fill*         0x0000000080000467        0x1 
 .rodata._printf_i.str1.8
                0x0000000080000468       0x30 /home/anhnt_iti2/work/freedom_tools/freedom-studio/SiFive/riscv64-unknown-elf-gcc-8.3.0-2019.08.0/bin/../lib/gcc/riscv64-unknown-elf/8.3.0/../../../../riscv64-unknown-elf/lib/rv64imac/lp64/libc_nano.a(lib_a-nano-vfprintf_i.o)
                                         0x29 (size before relaxing)
 .rodata.__metal_driver_vtable_riscv_clint0
                0x0000000080000498       0xc8 /home/anhnt_iti2/work/freedom_tools/freedom-e-sdk/bsp/arty_a7_100t/install/lib/debug//libmetal.a(riscv_clint0.o)
                0x0000000080000498                __metal_driver_vtable_riscv_clint0
 .rodata.__metal_controller_interrupt_vector
                0x0000000080000560       0x14 /home/anhnt_iti2/work/freedom_tools/freedom-e-sdk/bsp/arty_a7_100t/install/lib/debug//libmetal.a(riscv_cpu.o)
 .rodata.__metal_local_interrupt_enable
                0x0000000080000574       0x80 /home/anhnt_iti2/work/freedom_tools/freedom-e-sdk/bsp/arty_a7_100t/install/lib/debug//libmetal.a(riscv_cpu.o)
 *fill*         0x00000000800005f4        0x4 
 .rodata.__metal_driver_vtable_riscv_cpu_intc
                0x00000000800005f8       0xc8 /home/anhnt_iti2/work/freedom_tools/freedom-e-sdk/bsp/arty_a7_100t/install/lib/debug//libmetal.a(riscv_cpu.o)
                0x00000000800005f8                __metal_driver_vtable_riscv_cpu_intc
 .rodata.__metal_driver_vtable_cpu
                0x00000000800006c0       0x88 /home/anhnt_iti2/work/freedom_tools/freedom-e-sdk/bsp/arty_a7_100t/install/lib/debug//libmetal.a(riscv_cpu.o)
                0x00000000800006c0                __metal_driver_vtable_cpu
 .rodata.__metal_driver_vtable_riscv_plic0
                0x0000000080000748       0xc8 /home/anhnt_iti2/work/freedom_tools/freedom-e-sdk/bsp/arty_a7_100t/install/lib/debug//libmetal.a(riscv_plic0.o)
                0x0000000080000748                __metal_driver_vtable_riscv_plic0
 .rodata        0x0000000080000810       0x83 /home/anhnt_iti2/work/freedom_tools/freedom-e-sdk/bsp/arty_a7_100t/install/lib/debug//libmetal.a(sifive_i2c0.o)
 *fill*         0x0000000080000893        0x5 
 .rodata.__metal_driver_vtable_sifive_i2c0
                0x0000000080000898       0x30 /home/anhnt_iti2/work/freedom_tools/freedom-e-sdk/bsp/arty_a7_100t/install/lib/debug//libmetal.a(sifive_i2c0.o)
                0x0000000080000898                __metal_driver_vtable_sifive_i2c0
 .rodata.__metal_driver_vtable_sifive_uart0
                0x00000000800008c8       0x80 /home/anhnt_iti2/work/freedom_tools/freedom-e-sdk/bsp/arty_a7_100t/install/lib/debug//libmetal.a(sifive_uart0.o)
                0x00000000800008c8                __metal_driver_vtable_sifive_uart0
 .rodata.__metal_driver_vtable_fixed_clock
                0x0000000080000948       0x10 /home/anhnt_iti2/work/freedom_tools/freedom-e-sdk/bsp/arty_a7_100t/install/lib/debug//libmetal.a(fixed-clock.o)
                0x0000000080000948                __metal_driver_vtable_fixed_clock
 .rodata.libgloss.start
                0x0000000080000958       0x19 /home/anhnt_iti2/work/freedom_tools/freedom-e-sdk/bsp/arty_a7_100t/install/lib/debug//libmetal-gloss.a(crt0.o)
 *(.gnu.linkonce.r.*)
                0x0000000080000978                . = ALIGN (0x8)
 *fill*         0x0000000080000971        0x7 
 *(.srodata.cst16)
 *(.srodata.cst8)
 *(.srodata.cst4)
 *(.srodata.cst2)
 *(.srodata .srodata.*)

.itim           0x0000000080000978        0x0
 *(.itim .itim.*)
                0x0000000080000978                PROVIDE (metal_segment_itim_source_start = LOADADDR (.itim))
                0x0000000080000978                PROVIDE (metal_segment_itim_target_start = ADDR (.itim))
                0x0000000080000978                PROVIDE (metal_segment_itim_target_end = (ADDR (.itim) + SIZEOF (.itim)))

.lim            0x0000000080000978        0x0
 *(.lim .lim.*)
                0x0000000080000978                PROVIDE (metal_segment_lim_source_start = LOADADDR (.lim))
                0x0000000080000978                PROVIDE (metal_segment_lim_target_start = ADDR (.lim))
                0x0000000080000978                PROVIDE (metal_segment_lim_target_end = (ADDR (.lim) + SIZEOF (.lim)))

.text           0x0000000080000a00     0x5e7c
 *(.text.unlikely .text.unlikely.*)
 *(.text.startup .text.startup.*)
 *(.text .text.*)
 .text.main     0x0000000080000a00      0x11a /tmp/ccLSZGxt.o
                0x0000000080000a00                main
 .text.delay_time
                0x0000000080000b1a       0x32 /tmp/ccUd1ER8.o
                0x0000000080000b1a                delay_time
 .text.init_air_quality
                0x0000000080000b4c       0x42 /tmp/ccUd1ER8.o
                0x0000000080000b4c                init_air_quality
 .text.get_sgp30_sensor_data
                0x0000000080000b8e       0xb8 /tmp/ccUd1ER8.o
                0x0000000080000b8e                get_sgp30_sensor_data
 .text.delay_t  0x0000000080000c46       0x32 /tmp/ccd4x5Bm.o
                0x0000000080000c46                delay_t
 .text.get_sht35_sensor_data
                0x0000000080000c78      0x124 /tmp/ccd4x5Bm.o
                0x0000000080000c78                get_sht35_sensor_data
 .text.reset_sht35_sensor_data
                0x0000000080000d9c       0x44 /tmp/ccd4x5Bm.o
                0x0000000080000d9c                reset_sht35_sensor_data
 .text.printf   0x0000000080000de0       0x42 /home/anhnt_iti2/work/freedom_tools/freedom-studio/SiFive/riscv64-unknown-elf-gcc-8.3.0-2019.08.0/bin/../lib/gcc/riscv64-unknown-elf/8.3.0/../../../../riscv64-unknown-elf/lib/rv64imac/lp64/libc_nano.a(lib_a-printf.o)
                0x0000000080000de0                printf
                0x0000000080000de0                iprintf
 .text._puts_r  0x0000000080000e22       0xe8 /home/anhnt_iti2/work/freedom_tools/freedom-studio/SiFive/riscv64-unknown-elf-gcc-8.3.0-2019.08.0/bin/../lib/gcc/riscv64-unknown-elf/8.3.0/../../../../riscv64-unknown-elf/lib/rv64imac/lp64/libc_nano.a(lib_a-puts.o)
                0x0000000080000e22                _puts_r
 .text.puts     0x0000000080000f0a        0xa /home/anhnt_iti2/work/freedom_tools/freedom-studio/SiFive/riscv64-unknown-elf-gcc-8.3.0-2019.08.0/bin/../lib/gcc/riscv64-unknown-elf/8.3.0/../../../../riscv64-unknown-elf/lib/rv64imac/lp64/libc_nano.a(lib_a-puts.o)
                0x0000000080000f0a                puts
 .text.__swbuf_r
                0x0000000080000f14       0xc6 /home/anhnt_iti2/work/freedom_tools/freedom-studio/SiFive/riscv64-unknown-elf-gcc-8.3.0-2019.08.0/bin/../lib/gcc/riscv64-unknown-elf/8.3.0/../../../../riscv64-unknown-elf/lib/rv64imac/lp64/libc_nano.a(lib_a-wbuf.o)
                0x0000000080000f14                __swbuf_r
 .text.__swsetup_r
                0x0000000080000fda      0x112 /home/anhnt_iti2/work/freedom_tools/freedom-studio/SiFive/riscv64-unknown-elf-gcc-8.3.0-2019.08.0/bin/../lib/gcc/riscv64-unknown-elf/8.3.0/../../../../riscv64-unknown-elf/lib/rv64imac/lp64/libc_nano.a(lib_a-wsetup.o)
                0x0000000080000fda                __swsetup_r
 .text.__sflush_r
                0x00000000800010ec      0x13e /home/anhnt_iti2/work/freedom_tools/freedom-studio/SiFive/riscv64-unknown-elf-gcc-8.3.0-2019.08.0/bin/../lib/gcc/riscv64-unknown-elf/8.3.0/../../../../riscv64-unknown-elf/lib/rv64imac/lp64/libc_nano.a(lib_a-fflush.o)
                0x00000000800010ec                __sflush_r
 .text._fflush_r
                0x000000008000122a       0x66 /home/anhnt_iti2/work/freedom_tools/freedom-studio/SiFive/riscv64-unknown-elf-gcc-8.3.0-2019.08.0/bin/../lib/gcc/riscv64-unknown-elf/8.3.0/../../../../riscv64-unknown-elf/lib/rv64imac/lp64/libc_nano.a(lib_a-fflush.o)
                0x000000008000122a                _fflush_r
 .text.std      0x0000000080001290       0x66 /home/anhnt_iti2/work/freedom_tools/freedom-studio/SiFive/riscv64-unknown-elf-gcc-8.3.0-2019.08.0/bin/../lib/gcc/riscv64-unknown-elf/8.3.0/../../../../riscv64-unknown-elf/lib/rv64imac/lp64/libc_nano.a(lib_a-findfp.o)
 .text._cleanup_r
                0x00000000800012f6        0xa /home/anhnt_iti2/work/freedom_tools/freedom-studio/SiFive/riscv64-unknown-elf-gcc-8.3.0-2019.08.0/bin/../lib/gcc/riscv64-unknown-elf/8.3.0/../../../../riscv64-unknown-elf/lib/rv64imac/lp64/libc_nano.a(lib_a-findfp.o)
                0x00000000800012f6                _cleanup_r
 .text.__sfmoreglue
                0x0000000080001300       0x48 /home/anhnt_iti2/work/freedom_tools/freedom-studio/SiFive/riscv64-unknown-elf-gcc-8.3.0-2019.08.0/bin/../lib/gcc/riscv64-unknown-elf/8.3.0/../../../../riscv64-unknown-elf/lib/rv64imac/lp64/libc_nano.a(lib_a-findfp.o)
                0x0000000080001300                __sfmoreglue
 .text.__sinit  0x0000000080001348       0x72 /home/anhnt_iti2/work/freedom_tools/freedom-studio/SiFive/riscv64-unknown-elf-gcc-8.3.0-2019.08.0/bin/../lib/gcc/riscv64-unknown-elf/8.3.0/../../../../riscv64-unknown-elf/lib/rv64imac/lp64/libc_nano.a(lib_a-findfp.o)
                0x0000000080001348                __sinit
 .text.__sfp    0x00000000800013ba       0x9c /home/anhnt_iti2/work/freedom_tools/freedom-studio/SiFive/riscv64-unknown-elf-gcc-8.3.0-2019.08.0/bin/../lib/gcc/riscv64-unknown-elf/8.3.0/../../../../riscv64-unknown-elf/lib/rv64imac/lp64/libc_nano.a(lib_a-findfp.o)
                0x00000000800013ba                __sfp
 .text._fwalk_reent
                0x0000000080001456       0x6e /home/anhnt_iti2/work/freedom_tools/freedom-studio/SiFive/riscv64-unknown-elf-gcc-8.3.0-2019.08.0/bin/../lib/gcc/riscv64-unknown-elf/8.3.0/../../../../riscv64-unknown-elf/lib/rv64imac/lp64/libc_nano.a(lib_a-fwalk.o)
                0x0000000080001456                _fwalk_reent
 .text.__swhatbuf_r
                0x00000000800014c4       0x5a /home/anhnt_iti2/work/freedom_tools/freedom-studio/SiFive/riscv64-unknown-elf-gcc-8.3.0-2019.08.0/bin/../lib/gcc/riscv64-unknown-elf/8.3.0/../../../../riscv64-unknown-elf/lib/rv64imac/lp64/libc_nano.a(lib_a-makebuf.o)
                0x00000000800014c4                __swhatbuf_r
 .text.__smakebuf_r
                0x000000008000151e       0xa2 /home/anhnt_iti2/work/freedom_tools/freedom-studio/SiFive/riscv64-unknown-elf-gcc-8.3.0-2019.08.0/bin/../lib/gcc/riscv64-unknown-elf/8.3.0/../../../../riscv64-unknown-elf/lib/rv64imac/lp64/libc_nano.a(lib_a-makebuf.o)
                0x000000008000151e                __smakebuf_r
 .text          0x00000000800015c0       0xaa /home/anhnt_iti2/work/freedom_tools/freedom-studio/SiFive/riscv64-unknown-elf-gcc-8.3.0-2019.08.0/bin/../lib/gcc/riscv64-unknown-elf/8.3.0/../../../../riscv64-unknown-elf/lib/rv64imac/lp64/libc_nano.a(lib_a-memset.o)
                0x00000000800015c0                memset
 .text._free_r  0x000000008000166a       0xae /home/anhnt_iti2/work/freedom_tools/freedom-studio/SiFive/riscv64-unknown-elf-gcc-8.3.0-2019.08.0/bin/../lib/gcc/riscv64-unknown-elf/8.3.0/../../../../riscv64-unknown-elf/lib/rv64imac/lp64/libc_nano.a(lib_a-nano-freer.o)
                0x000000008000166a                _free_r
 .text._malloc_r
                0x0000000080001718       0xf8 /home/anhnt_iti2/work/freedom_tools/freedom-studio/SiFive/riscv64-unknown-elf-gcc-8.3.0-2019.08.0/bin/../lib/gcc/riscv64-unknown-elf/8.3.0/../../../../riscv64-unknown-elf/lib/rv64imac/lp64/libc_nano.a(lib_a-nano-mallocr.o)
                0x0000000080001718                _malloc_r
 .text.__sfputc_r
                0x0000000080001810       0x2c /home/anhnt_iti2/work/freedom_tools/freedom-studio/SiFive/riscv64-unknown-elf-gcc-8.3.0-2019.08.0/bin/../lib/gcc/riscv64-unknown-elf/8.3.0/../../../../riscv64-unknown-elf/lib/rv64imac/lp64/libc_nano.a(lib_a-nano-vfprintf.o)
 .text.__sfputs_r
                0x000000008000183c       0x44 /home/anhnt_iti2/work/freedom_tools/freedom-studio/SiFive/riscv64-unknown-elf-gcc-8.3.0-2019.08.0/bin/../lib/gcc/riscv64-unknown-elf/8.3.0/../../../../riscv64-unknown-elf/lib/rv64imac/lp64/libc_nano.a(lib_a-nano-vfprintf.o)
                0x000000008000183c                __sfputs_r
 .text._vfprintf_r
                0x0000000080001880      0x2b4 /home/anhnt_iti2/work/freedom_tools/freedom-studio/SiFive/riscv64-unknown-elf-gcc-8.3.0-2019.08.0/bin/../lib/gcc/riscv64-unknown-elf/8.3.0/../../../../riscv64-unknown-elf/lib/rv64imac/lp64/libc_nano.a(lib_a-nano-vfprintf.o)
                0x0000000080001880                _vfiprintf_r
                0x0000000080001880                _vfprintf_r
 .text._sbrk_r  0x0000000080001b34       0x2a /home/anhnt_iti2/work/freedom_tools/freedom-studio/SiFive/riscv64-unknown-elf-gcc-8.3.0-2019.08.0/bin/../lib/gcc/riscv64-unknown-elf/8.3.0/../../../../riscv64-unknown-elf/lib/rv64imac/lp64/libc_nano.a(lib_a-sbrkr.o)
                0x0000000080001b34                _sbrk_r
 .text.__sread  0x0000000080001b5e       0x32 /home/anhnt_iti2/work/freedom_tools/freedom-studio/SiFive/riscv64-unknown-elf-gcc-8.3.0-2019.08.0/bin/../lib/gcc/riscv64-unknown-elf/8.3.0/../../../../riscv64-unknown-elf/lib/rv64imac/lp64/libc_nano.a(lib_a-stdio.o)
                0x0000000080001b5e                __sread
 .text.__swrite
                0x0000000080001b90       0x50 /home/anhnt_iti2/work/freedom_tools/freedom-studio/SiFive/riscv64-unknown-elf-gcc-8.3.0-2019.08.0/bin/../lib/gcc/riscv64-unknown-elf/8.3.0/../../../../riscv64-unknown-elf/lib/rv64imac/lp64/libc_nano.a(lib_a-stdio.o)
                0x0000000080001b90                __swrite
 .text.__sseek  0x0000000080001be0       0x38 /home/anhnt_iti2/work/freedom_tools/freedom-studio/SiFive/riscv64-unknown-elf-gcc-8.3.0-2019.08.0/bin/../lib/gcc/riscv64-unknown-elf/8.3.0/../../../../riscv64-unknown-elf/lib/rv64imac/lp64/libc_nano.a(lib_a-stdio.o)
                0x0000000080001be0                __sseek
 .text.__sclose
                0x0000000080001c18        0x6 /home/anhnt_iti2/work/freedom_tools/freedom-studio/SiFive/riscv64-unknown-elf-gcc-8.3.0-2019.08.0/bin/../lib/gcc/riscv64-unknown-elf/8.3.0/../../../../riscv64-unknown-elf/lib/rv64imac/lp64/libc_nano.a(lib_a-stdio.o)
                0x0000000080001c18                __sclose
 .text._write_r
                0x0000000080001c1e       0x2e /home/anhnt_iti2/work/freedom_tools/freedom-studio/SiFive/riscv64-unknown-elf-gcc-8.3.0-2019.08.0/bin/../lib/gcc/riscv64-unknown-elf/8.3.0/../../../../riscv64-unknown-elf/lib/rv64imac/lp64/libc_nano.a(lib_a-writer.o)
                0x0000000080001c1e                _write_r
 .text._close_r
                0x0000000080001c4c       0x2a /home/anhnt_iti2/work/freedom_tools/freedom-studio/SiFive/riscv64-unknown-elf-gcc-8.3.0-2019.08.0/bin/../lib/gcc/riscv64-unknown-elf/8.3.0/../../../../riscv64-unknown-elf/lib/rv64imac/lp64/libc_nano.a(lib_a-closer.o)
                0x0000000080001c4c                _close_r
 .text._fstat_r
                0x0000000080001c76       0x2c /home/anhnt_iti2/work/freedom_tools/freedom-studio/SiFive/riscv64-unknown-elf-gcc-8.3.0-2019.08.0/bin/../lib/gcc/riscv64-unknown-elf/8.3.0/../../../../riscv64-unknown-elf/lib/rv64imac/lp64/libc_nano.a(lib_a-fstatr.o)
                0x0000000080001c76                _fstat_r
 .text._isatty_r
                0x0000000080001ca2       0x2a /home/anhnt_iti2/work/freedom_tools/freedom-studio/SiFive/riscv64-unknown-elf-gcc-8.3.0-2019.08.0/bin/../lib/gcc/riscv64-unknown-elf/8.3.0/../../../../riscv64-unknown-elf/lib/rv64imac/lp64/libc_nano.a(lib_a-isattyr.o)
                0x0000000080001ca2                _isatty_r
 .text._lseek_r
                0x0000000080001ccc       0x2e /home/anhnt_iti2/work/freedom_tools/freedom-studio/SiFive/riscv64-unknown-elf-gcc-8.3.0-2019.08.0/bin/../lib/gcc/riscv64-unknown-elf/8.3.0/../../../../riscv64-unknown-elf/lib/rv64imac/lp64/libc_nano.a(lib_a-lseekr.o)
                0x0000000080001ccc                _lseek_r
 .text.memchr   0x0000000080001cfa       0x1a /home/anhnt_iti2/work/freedom_tools/freedom-studio/SiFive/riscv64-unknown-elf-gcc-8.3.0-2019.08.0/bin/../lib/gcc/riscv64-unknown-elf/8.3.0/../../../../riscv64-unknown-elf/lib/rv64imac/lp64/libc_nano.a(lib_a-memchr.o)
                0x0000000080001cfa                memchr
 .text.__malloc_lock
                0x0000000080001d14        0x2 /home/anhnt_iti2/work/freedom_tools/freedom-studio/SiFive/riscv64-unknown-elf-gcc-8.3.0-2019.08.0/bin/../lib/gcc/riscv64-unknown-elf/8.3.0/../../../../riscv64-unknown-elf/lib/rv64imac/lp64/libc_nano.a(lib_a-mlock.o)
                0x0000000080001d14                __malloc_lock
 .text.__malloc_unlock
                0x0000000080001d16        0x2 /home/anhnt_iti2/work/freedom_tools/freedom-studio/SiFive/riscv64-unknown-elf-gcc-8.3.0-2019.08.0/bin/../lib/gcc/riscv64-unknown-elf/8.3.0/../../../../riscv64-unknown-elf/lib/rv64imac/lp64/libc_nano.a(lib_a-mlock.o)
                0x0000000080001d16                __malloc_unlock
 .text._printf_common
                0x0000000080001d18      0x124 /home/anhnt_iti2/work/freedom_tools/freedom-studio/SiFive/riscv64-unknown-elf-gcc-8.3.0-2019.08.0/bin/../lib/gcc/riscv64-unknown-elf/8.3.0/../../../../riscv64-unknown-elf/lib/rv64imac/lp64/libc_nano.a(lib_a-nano-vfprintf_i.o)
                0x0000000080001d18                _printf_common
 .text._printf_i
                0x0000000080001e3c      0x2c2 /home/anhnt_iti2/work/freedom_tools/freedom-studio/SiFive/riscv64-unknown-elf-gcc-8.3.0-2019.08.0/bin/../lib/gcc/riscv64-unknown-elf/8.3.0/../../../../riscv64-unknown-elf/lib/rv64imac/lp64/libc_nano.a(lib_a-nano-vfprintf_i.o)
                0x0000000080001e3c                _printf_i
 .text._read_r  0x00000000800020fe       0x2e /home/anhnt_iti2/work/freedom_tools/freedom-studio/SiFive/riscv64-unknown-elf-gcc-8.3.0-2019.08.0/bin/../lib/gcc/riscv64-unknown-elf/8.3.0/../../../../riscv64-unknown-elf/lib/rv64imac/lp64/libc_nano.a(lib_a-readr.o)
                0x00000000800020fe                _read_r
 .text.__metal_driver_sifive_clint0_control_base
                0x000000008000212c       0x2a /home/anhnt_iti2/work/freedom_tools/freedom-e-sdk/bsp/arty_a7_100t/install/lib/debug//libmetal.a(riscv_clint0.o)
 .text.__metal_driver_sifive_clint0_num_interrupts
                0x0000000080002156       0x28 /home/anhnt_iti2/work/freedom_tools/freedom-e-sdk/bsp/arty_a7_100t/install/lib/debug//libmetal.a(riscv_clint0.o)
 .text.__metal_driver_sifive_clint0_interrupt_parents
                0x000000008000217e       0x44 /home/anhnt_iti2/work/freedom_tools/freedom-e-sdk/bsp/arty_a7_100t/install/lib/debug//libmetal.a(riscv_clint0.o)
 .text.__metal_driver_sifive_clint0_interrupt_lines
                0x00000000800021c2       0x38 /home/anhnt_iti2/work/freedom_tools/freedom-e-sdk/bsp/arty_a7_100t/install/lib/debug//libmetal.a(riscv_clint0.o)
 .text.__metal_clint0_mtime_get
                0x00000000800021fa       0x6c /home/anhnt_iti2/work/freedom_tools/freedom-e-sdk/bsp/arty_a7_100t/install/lib/debug//libmetal.a(riscv_clint0.o)
                0x00000000800021fa                __metal_clint0_mtime_get
 .text.__metal_driver_riscv_clint0_mtimecmp_set
                0x0000000080002266       0x9e /home/anhnt_iti2/work/freedom_tools/freedom-e-sdk/bsp/arty_a7_100t/install/lib/debug//libmetal.a(riscv_clint0.o)
                0x0000000080002266                __metal_driver_riscv_clint0_mtimecmp_set
 .text._get_cpu_intc
                0x0000000080002304       0x36 /home/anhnt_iti2/work/freedom_tools/freedom-e-sdk/bsp/arty_a7_100t/install/lib/debug//libmetal.a(riscv_clint0.o)
 .text.__metal_driver_riscv_clint0_init
                0x000000008000233a       0x9c /home/anhnt_iti2/work/freedom_tools/freedom-e-sdk/bsp/arty_a7_100t/install/lib/debug//libmetal.a(riscv_clint0.o)
                0x000000008000233a                __metal_driver_riscv_clint0_init
 .text.__metal_driver_riscv_clint0_register
                0x00000000800023d6      0x100 /home/anhnt_iti2/work/freedom_tools/freedom-e-sdk/bsp/arty_a7_100t/install/lib/debug//libmetal.a(riscv_clint0.o)
                0x00000000800023d6                __metal_driver_riscv_clint0_register
 .text.__metal_driver_riscv_clint0_vector_register
                0x00000000800024d6       0x2a /home/anhnt_iti2/work/freedom_tools/freedom-e-sdk/bsp/arty_a7_100t/install/lib/debug//libmetal.a(riscv_clint0.o)
                0x00000000800024d6                __metal_driver_riscv_clint0_vector_register
 .text.__metal_driver_riscv_clint0_get_vector_mode
                0x0000000080002500       0x1e /home/anhnt_iti2/work/freedom_tools/freedom-e-sdk/bsp/arty_a7_100t/install/lib/debug//libmetal.a(riscv_clint0.o)
                0x0000000080002500                __metal_driver_riscv_clint0_get_vector_mode
 .text.__metal_driver_riscv_clint0_set_vector_mode
                0x000000008000251e       0x64 /home/anhnt_iti2/work/freedom_tools/freedom-e-sdk/bsp/arty_a7_100t/install/lib/debug//libmetal.a(riscv_clint0.o)
                0x000000008000251e                __metal_driver_riscv_clint0_set_vector_mode
 .text.__metal_driver_riscv_clint0_enable
                0x0000000080002582       0xd2 /home/anhnt_iti2/work/freedom_tools/freedom-e-sdk/bsp/arty_a7_100t/install/lib/debug//libmetal.a(riscv_clint0.o)
                0x0000000080002582                __metal_driver_riscv_clint0_enable
 .text.__metal_driver_riscv_clint0_disable
                0x0000000080002654       0xd2 /home/anhnt_iti2/work/freedom_tools/freedom-e-sdk/bsp/arty_a7_100t/install/lib/debug//libmetal.a(riscv_clint0.o)
                0x0000000080002654                __metal_driver_riscv_clint0_disable
 .text.__metal_driver_riscv_clint0_command_request
                0x0000000080002726      0x15a /home/anhnt_iti2/work/freedom_tools/freedom-e-sdk/bsp/arty_a7_100t/install/lib/debug//libmetal.a(riscv_clint0.o)
                0x0000000080002726                __metal_driver_riscv_clint0_command_request
 .text.__metal_driver_riscv_clint0_clear_interrupt
                0x0000000080002880       0x38 /home/anhnt_iti2/work/freedom_tools/freedom-e-sdk/bsp/arty_a7_100t/install/lib/debug//libmetal.a(riscv_clint0.o)
                0x0000000080002880                __metal_driver_riscv_clint0_clear_interrupt
 .text.__metal_driver_riscv_clint0_set_interrupt
                0x00000000800028b8       0x38 /home/anhnt_iti2/work/freedom_tools/freedom-e-sdk/bsp/arty_a7_100t/install/lib/debug//libmetal.a(riscv_clint0.o)
                0x00000000800028b8                __metal_driver_riscv_clint0_set_interrupt
 .text.__metal_driver_cpu_hartid
                0x00000000800028f0       0x28 /home/anhnt_iti2/work/freedom_tools/freedom-e-sdk/bsp/arty_a7_100t/install/lib/debug//libmetal.a(riscv_cpu.o)
 .text.__metal_driver_cpu_timebase
                0x0000000080002918       0x28 /home/anhnt_iti2/work/freedom_tools/freedom-e-sdk/bsp/arty_a7_100t/install/lib/debug//libmetal.a(riscv_cpu.o)
 .text.__metal_driver_cpu_interrupt_controller
                0x0000000080002940       0x2e /home/anhnt_iti2/work/freedom_tools/freedom-e-sdk/bsp/arty_a7_100t/install/lib/debug//libmetal.a(riscv_cpu.o)
 .text.__metal_driver_cpu_buserror
                0x000000008000296e       0x28 /home/anhnt_iti2/work/freedom_tools/freedom-e-sdk/bsp/arty_a7_100t/install/lib/debug//libmetal.a(riscv_cpu.o)
 .text.__metal_driver_cpu_get
                0x0000000080002996       0x34 /home/anhnt_iti2/work/freedom_tools/freedom-e-sdk/bsp/arty_a7_100t/install/lib/debug//libmetal.a(riscv_cpu.o)
                0x0000000080002996                __metal_driver_cpu_get
 .text.__metal_myhart_id
                0x00000000800029ca       0x1a /home/anhnt_iti2/work/freedom_tools/freedom-e-sdk/bsp/arty_a7_100t/install/lib/debug//libmetal.a(riscv_cpu.o)
                0x00000000800029ca                __metal_myhart_id
 .text.__metal_interrupt_global_enable
                0x00000000800029e4       0x18 /home/anhnt_iti2/work/freedom_tools/freedom-e-sdk/bsp/arty_a7_100t/install/lib/debug//libmetal.a(riscv_cpu.o)
                0x00000000800029e4                __metal_interrupt_global_enable
 .text.__metal_interrupt_global_disable
                0x00000000800029fc       0x18 /home/anhnt_iti2/work/freedom_tools/freedom-e-sdk/bsp/arty_a7_100t/install/lib/debug//libmetal.a(riscv_cpu.o)
                0x00000000800029fc                __metal_interrupt_global_disable
 .text.__metal_interrupt_software_enable
                0x0000000080002a14       0x18 /home/anhnt_iti2/work/freedom_tools/freedom-e-sdk/bsp/arty_a7_100t/install/lib/debug//libmetal.a(riscv_cpu.o)
                0x0000000080002a14                __metal_interrupt_software_enable
 .text.__metal_interrupt_software_disable
                0x0000000080002a2c       0x18 /home/anhnt_iti2/work/freedom_tools/freedom-e-sdk/bsp/arty_a7_100t/install/lib/debug//libmetal.a(riscv_cpu.o)
                0x0000000080002a2c                __metal_interrupt_software_disable
 .text.__metal_interrupt_timer_enable
                0x0000000080002a44       0x1a /home/anhnt_iti2/work/freedom_tools/freedom-e-sdk/bsp/arty_a7_100t/install/lib/debug//libmetal.a(riscv_cpu.o)
                0x0000000080002a44                __metal_interrupt_timer_enable
 .text.__metal_interrupt_timer_disable
                0x0000000080002a5e       0x1a /home/anhnt_iti2/work/freedom_tools/freedom-e-sdk/bsp/arty_a7_100t/install/lib/debug//libmetal.a(riscv_cpu.o)
                0x0000000080002a5e                __metal_interrupt_timer_disable
 .text.__metal_interrupt_external_enable
                0x0000000080002a78       0x1c /home/anhnt_iti2/work/freedom_tools/freedom-e-sdk/bsp/arty_a7_100t/install/lib/debug//libmetal.a(riscv_cpu.o)
                0x0000000080002a78                __metal_interrupt_external_enable
 .text.__metal_interrupt_external_disable
                0x0000000080002a94       0x1c /home/anhnt_iti2/work/freedom_tools/freedom-e-sdk/bsp/arty_a7_100t/install/lib/debug//libmetal.a(riscv_cpu.o)
                0x0000000080002a94                __metal_interrupt_external_disable
 .text.__metal_interrupt_local_enable
                0x0000000080002ab0       0x30 /home/anhnt_iti2/work/freedom_tools/freedom-e-sdk/bsp/arty_a7_100t/install/lib/debug//libmetal.a(riscv_cpu.o)
                0x0000000080002ab0                __metal_interrupt_local_enable
 .text.__metal_interrupt_local_disable
                0x0000000080002ae0       0x30 /home/anhnt_iti2/work/freedom_tools/freedom-e-sdk/bsp/arty_a7_100t/install/lib/debug//libmetal.a(riscv_cpu.o)
                0x0000000080002ae0                __metal_interrupt_local_disable
 .text.__metal_default_exception_handler
                0x0000000080002b10       0x1a /home/anhnt_iti2/work/freedom_tools/freedom-e-sdk/bsp/arty_a7_100t/install/lib/debug//libmetal.a(riscv_cpu.o)
                0x0000000080002b10                __metal_default_exception_handler
 .text.__metal_default_interrupt_handler
                0x0000000080002b2a       0x1a /home/anhnt_iti2/work/freedom_tools/freedom-e-sdk/bsp/arty_a7_100t/install/lib/debug//libmetal.a(riscv_cpu.o)
                0x0000000080002b2a                __metal_default_interrupt_handler
 .text.metal_interrupt_vector_handler
                0x0000000080002b44       0x2e /home/anhnt_iti2/work/freedom_tools/freedom-e-sdk/bsp/arty_a7_100t/install/lib/debug//libmetal.a(riscv_cpu.o)
                0x0000000080002b44                metal_interrupt_vector_handler
 .text.metal_software_interrupt_vector_handler
                0x0000000080002b72       0x96 /home/anhnt_iti2/work/freedom_tools/freedom-e-sdk/bsp/arty_a7_100t/install/lib/debug//libmetal.a(riscv_cpu.o)
                0x0000000080002b72                metal_software_interrupt_vector_handler
 .text.__metal_default_sw_handler
                0x0000000080002c08       0x70 /home/anhnt_iti2/work/freedom_tools/freedom-e-sdk/bsp/arty_a7_100t/install/lib/debug//libmetal.a(riscv_cpu.o)
                0x0000000080002c08                __metal_default_sw_handler
 .text.metal_timer_interrupt_vector_handler
                0x0000000080002c78       0x96 /home/anhnt_iti2/work/freedom_tools/freedom-e-sdk/bsp/arty_a7_100t/install/lib/debug//libmetal.a(riscv_cpu.o)
                0x0000000080002c78                metal_timer_interrupt_vector_handler
 .text.__metal_default_beu_handler
                0x0000000080002d0e       0x18 /home/anhnt_iti2/work/freedom_tools/freedom-e-sdk/bsp/arty_a7_100t/install/lib/debug//libmetal.a(riscv_cpu.o)
                0x0000000080002d0e                __metal_default_beu_handler
 .text.__metal_default_timer_handler
                0x0000000080002d26       0x4a /home/anhnt_iti2/work/freedom_tools/freedom-e-sdk/bsp/arty_a7_100t/install/lib/debug//libmetal.a(riscv_cpu.o)
                0x0000000080002d26                __metal_default_timer_handler
 *fill*         0x0000000080002d70       0x10 
 .text.__metal_exception_handler
                0x0000000080002d80      0x1fa /home/anhnt_iti2/work/freedom_tools/freedom-e-sdk/bsp/arty_a7_100t/install/lib/debug//libmetal.a(riscv_cpu.o)
                0x0000000080002d80                __metal_exception_handler
 .text.metal_lc0_interrupt_vector_handler
                0x0000000080002f7a       0x96 /home/anhnt_iti2/work/freedom_tools/freedom-e-sdk/bsp/arty_a7_100t/install/lib/debug//libmetal.a(riscv_cpu.o)
                0x0000000080002f7a                metal_lc0_interrupt_vector_handler
 .text.metal_lc1_interrupt_vector_handler
                0x0000000080003010       0x96 /home/anhnt_iti2/work/freedom_tools/freedom-e-sdk/bsp/arty_a7_100t/install/lib/debug//libmetal.a(riscv_cpu.o)
                0x0000000080003010                metal_lc1_interrupt_vector_handler
 .text.metal_lc2_interrupt_vector_handler
                0x00000000800030a6       0x96 /home/anhnt_iti2/work/freedom_tools/freedom-e-sdk/bsp/arty_a7_100t/install/lib/debug//libmetal.a(riscv_cpu.o)
                0x00000000800030a6                metal_lc2_interrupt_vector_handler
 .text.metal_lc3_interrupt_vector_handler
                0x000000008000313c       0x96 /home/anhnt_iti2/work/freedom_tools/freedom-e-sdk/bsp/arty_a7_100t/install/lib/debug//libmetal.a(riscv_cpu.o)
                0x000000008000313c                metal_lc3_interrupt_vector_handler
 .text.metal_lc4_interrupt_vector_handler
                0x00000000800031d2       0x96 /home/anhnt_iti2/work/freedom_tools/freedom-e-sdk/bsp/arty_a7_100t/install/lib/debug//libmetal.a(riscv_cpu.o)
                0x00000000800031d2                metal_lc4_interrupt_vector_handler
 .text.metal_lc5_interrupt_vector_handler
                0x0000000080003268       0x96 /home/anhnt_iti2/work/freedom_tools/freedom-e-sdk/bsp/arty_a7_100t/install/lib/debug//libmetal.a(riscv_cpu.o)
                0x0000000080003268                metal_lc5_interrupt_vector_handler
 .text.metal_lc6_interrupt_vector_handler
                0x00000000800032fe       0x96 /home/anhnt_iti2/work/freedom_tools/freedom-e-sdk/bsp/arty_a7_100t/install/lib/debug//libmetal.a(riscv_cpu.o)
                0x00000000800032fe                metal_lc6_interrupt_vector_handler
 .text.metal_lc7_interrupt_vector_handler
                0x0000000080003394       0x96 /home/anhnt_iti2/work/freedom_tools/freedom-e-sdk/bsp/arty_a7_100t/install/lib/debug//libmetal.a(riscv_cpu.o)
                0x0000000080003394                metal_lc7_interrupt_vector_handler
 .text.metal_lc8_interrupt_vector_handler
                0x000000008000342a       0x96 /home/anhnt_iti2/work/freedom_tools/freedom-e-sdk/bsp/arty_a7_100t/install/lib/debug//libmetal.a(riscv_cpu.o)
                0x000000008000342a                metal_lc8_interrupt_vector_handler
 .text.metal_lc9_interrupt_vector_handler
                0x00000000800034c0       0x96 /home/anhnt_iti2/work/freedom_tools/freedom-e-sdk/bsp/arty_a7_100t/install/lib/debug//libmetal.a(riscv_cpu.o)
                0x00000000800034c0                metal_lc9_interrupt_vector_handler
 .text.metal_lc10_interrupt_vector_handler
                0x0000000080003556       0x96 /home/anhnt_iti2/work/freedom_tools/freedom-e-sdk/bsp/arty_a7_100t/install/lib/debug//libmetal.a(riscv_cpu.o)
                0x0000000080003556                metal_lc10_interrupt_vector_handler
 .text.metal_lc11_interrupt_vector_handler
                0x00000000800035ec       0x96 /home/anhnt_iti2/work/freedom_tools/freedom-e-sdk/bsp/arty_a7_100t/install/lib/debug//libmetal.a(riscv_cpu.o)
                0x00000000800035ec                metal_lc11_interrupt_vector_handler
 .text.metal_lc12_interrupt_vector_handler
                0x0000000080003682       0x96 /home/anhnt_iti2/work/freedom_tools/freedom-e-sdk/bsp/arty_a7_100t/install/lib/debug//libmetal.a(riscv_cpu.o)
                0x0000000080003682                metal_lc12_interrupt_vector_handler
 .text.metal_lc13_interrupt_vector_handler
                0x0000000080003718       0x96 /home/anhnt_iti2/work/freedom_tools/freedom-e-sdk/bsp/arty_a7_100t/install/lib/debug//libmetal.a(riscv_cpu.o)
                0x0000000080003718                metal_lc13_interrupt_vector_handler
 .text.metal_lc14_interrupt_vector_handler
                0x00000000800037ae       0x96 /home/anhnt_iti2/work/freedom_tools/freedom-e-sdk/bsp/arty_a7_100t/install/lib/debug//libmetal.a(riscv_cpu.o)
                0x00000000800037ae                metal_lc14_interrupt_vector_handler
 .text.metal_lc15_interrupt_vector_handler
                0x0000000080003844       0x96 /home/anhnt_iti2/work/freedom_tools/freedom-e-sdk/bsp/arty_a7_100t/install/lib/debug//libmetal.a(riscv_cpu.o)
                0x0000000080003844                metal_lc15_interrupt_vector_handler
 .text.__metal_controller_interrupt_vector_mode
                0x00000000800038da       0x50 /home/anhnt_iti2/work/freedom_tools/freedom-e-sdk/bsp/arty_a7_100t/install/lib/debug//libmetal.a(riscv_cpu.o)
                0x00000000800038da                __metal_controller_interrupt_vector_mode
 .text.__metal_controller_interrupt_vector
                0x000000008000392a       0xac /home/anhnt_iti2/work/freedom_tools/freedom-e-sdk/bsp/arty_a7_100t/install/lib/debug//libmetal.a(riscv_cpu.o)
                0x000000008000392a                __metal_controller_interrupt_vector
 .text.__metal_valid_interrupt_id
                0x00000000800039d6       0x82 /home/anhnt_iti2/work/freedom_tools/freedom-e-sdk/bsp/arty_a7_100t/install/lib/debug//libmetal.a(riscv_cpu.o)
                0x00000000800039d6                __metal_valid_interrupt_id
 .text.__metal_local_interrupt_enable
                0x0000000080003a58       0xde /home/anhnt_iti2/work/freedom_tools/freedom-e-sdk/bsp/arty_a7_100t/install/lib/debug//libmetal.a(riscv_cpu.o)
                0x0000000080003a58                __metal_local_interrupt_enable
 .text.__metal_exception_register
                0x0000000080003b36       0x54 /home/anhnt_iti2/work/freedom_tools/freedom-e-sdk/bsp/arty_a7_100t/install/lib/debug//libmetal.a(riscv_cpu.o)
                0x0000000080003b36                __metal_exception_register
 .text.__metal_driver_riscv_cpu_controller_interrupt_init
                0x0000000080003b8a       0xde /home/anhnt_iti2/work/freedom_tools/freedom-e-sdk/bsp/arty_a7_100t/install/lib/debug//libmetal.a(riscv_cpu.o)
                0x0000000080003b8a                __metal_driver_riscv_cpu_controller_interrupt_init
 .text.__metal_driver_riscv_cpu_controller_interrupt_register
                0x0000000080003c68      0x1d4 /home/anhnt_iti2/work/freedom_tools/freedom-e-sdk/bsp/arty_a7_100t/install/lib/debug//libmetal.a(riscv_cpu.o)
                0x0000000080003c68                __metal_driver_riscv_cpu_controller_interrupt_register
 .text.__metal_driver_riscv_cpu_controller_interrupt_enable
                0x0000000080003e3c       0x2e /home/anhnt_iti2/work/freedom_tools/freedom-e-sdk/bsp/arty_a7_100t/install/lib/debug//libmetal.a(riscv_cpu.o)
                0x0000000080003e3c                __metal_driver_riscv_cpu_controller_interrupt_enable
 .text.__metal_driver_riscv_cpu_controller_interrupt_disable
                0x0000000080003e6a       0x2e /home/anhnt_iti2/work/freedom_tools/freedom-e-sdk/bsp/arty_a7_100t/install/lib/debug//libmetal.a(riscv_cpu.o)
                0x0000000080003e6a                __metal_driver_riscv_cpu_controller_interrupt_disable
 .text.__metal_driver_riscv_cpu_controller_get_vector_mode
                0x0000000080003e98       0x1e /home/anhnt_iti2/work/freedom_tools/freedom-e-sdk/bsp/arty_a7_100t/install/lib/debug//libmetal.a(riscv_cpu.o)
                0x0000000080003e98                __metal_driver_riscv_cpu_controller_get_vector_mode
 .text.__metal_driver_riscv_cpu_controller_set_vector_mode
                0x0000000080003eb6       0x60 /home/anhnt_iti2/work/freedom_tools/freedom-e-sdk/bsp/arty_a7_100t/install/lib/debug//libmetal.a(riscv_cpu.o)
                0x0000000080003eb6                __metal_driver_riscv_cpu_controller_set_vector_mode
 .text.__metal_driver_riscv_cpu_controller_command_request
                0x0000000080003f16       0x1e /home/anhnt_iti2/work/freedom_tools/freedom-e-sdk/bsp/arty_a7_100t/install/lib/debug//libmetal.a(riscv_cpu.o)
                0x0000000080003f16                __metal_driver_riscv_cpu_controller_command_request
 .text.__metal_driver_cpu_mcycle_get
                0x0000000080003f34       0x22 /home/anhnt_iti2/work/freedom_tools/freedom-e-sdk/bsp/arty_a7_100t/install/lib/debug//libmetal.a(riscv_cpu.o)
                0x0000000080003f34                __metal_driver_cpu_mcycle_get
 .text.__metal_driver_cpu_timebase_get
                0x0000000080003f56       0x32 /home/anhnt_iti2/work/freedom_tools/freedom-e-sdk/bsp/arty_a7_100t/install/lib/debug//libmetal.a(riscv_cpu.o)
                0x0000000080003f56                __metal_driver_cpu_timebase_get
 .text.__metal_driver_cpu_mtime_get
                0x0000000080003f88       0x58 /home/anhnt_iti2/work/freedom_tools/freedom-e-sdk/bsp/arty_a7_100t/install/lib/debug//libmetal.a(riscv_cpu.o)
                0x0000000080003f88                __metal_driver_cpu_mtime_get
 .text.__metal_driver_cpu_mtimecmp_set
                0x0000000080003fe0       0x70 /home/anhnt_iti2/work/freedom_tools/freedom-e-sdk/bsp/arty_a7_100t/install/lib/debug//libmetal.a(riscv_cpu.o)
                0x0000000080003fe0                __metal_driver_cpu_mtimecmp_set
 .text.__metal_driver_cpu_timer_controller_interrupt
                0x0000000080004050       0x1a /home/anhnt_iti2/work/freedom_tools/freedom-e-sdk/bsp/arty_a7_100t/install/lib/debug//libmetal.a(riscv_cpu.o)
                0x0000000080004050                __metal_driver_cpu_timer_controller_interrupt
 .text.__metal_driver_cpu_get_timer_interrupt_id
                0x000000008000406a       0x14 /home/anhnt_iti2/work/freedom_tools/freedom-e-sdk/bsp/arty_a7_100t/install/lib/debug//libmetal.a(riscv_cpu.o)
                0x000000008000406a                __metal_driver_cpu_get_timer_interrupt_id
 .text.__metal_driver_cpu_sw_controller_interrupt
                0x000000008000407e       0x1a /home/anhnt_iti2/work/freedom_tools/freedom-e-sdk/bsp/arty_a7_100t/install/lib/debug//libmetal.a(riscv_cpu.o)
                0x000000008000407e                __metal_driver_cpu_sw_controller_interrupt
 .text.__metal_driver_cpu_get_sw_interrupt_id
                0x0000000080004098       0x14 /home/anhnt_iti2/work/freedom_tools/freedom-e-sdk/bsp/arty_a7_100t/install/lib/debug//libmetal.a(riscv_cpu.o)
                0x0000000080004098                __metal_driver_cpu_get_sw_interrupt_id
 .text.__metal_driver_cpu_set_sw_ipi
                0x00000000800040ac       0x66 /home/anhnt_iti2/work/freedom_tools/freedom-e-sdk/bsp/arty_a7_100t/install/lib/debug//libmetal.a(riscv_cpu.o)
                0x00000000800040ac                __metal_driver_cpu_set_sw_ipi
 .text.__metal_driver_cpu_clear_sw_ipi
                0x0000000080004112       0x66 /home/anhnt_iti2/work/freedom_tools/freedom-e-sdk/bsp/arty_a7_100t/install/lib/debug//libmetal.a(riscv_cpu.o)
                0x0000000080004112                __metal_driver_cpu_clear_sw_ipi
 .text.__metal_driver_cpu_get_msip
                0x0000000080004178       0x64 /home/anhnt_iti2/work/freedom_tools/freedom-e-sdk/bsp/arty_a7_100t/install/lib/debug//libmetal.a(riscv_cpu.o)
                0x0000000080004178                __metal_driver_cpu_get_msip
 .text.__metal_driver_cpu_controller_interrupt
                0x00000000800041dc       0x20 /home/anhnt_iti2/work/freedom_tools/freedom-e-sdk/bsp/arty_a7_100t/install/lib/debug//libmetal.a(riscv_cpu.o)
                0x00000000800041dc                __metal_driver_cpu_controller_interrupt
 .text.__metal_driver_cpu_exception_register
                0x00000000800041fc       0x4a /home/anhnt_iti2/work/freedom_tools/freedom-e-sdk/bsp/arty_a7_100t/install/lib/debug//libmetal.a(riscv_cpu.o)
                0x00000000800041fc                __metal_driver_cpu_exception_register
 .text.__metal_driver_cpu_get_instruction_length
                0x0000000080004246       0x32 /home/anhnt_iti2/work/freedom_tools/freedom-e-sdk/bsp/arty_a7_100t/install/lib/debug//libmetal.a(riscv_cpu.o)
                0x0000000080004246                __metal_driver_cpu_get_instruction_length
 .text.__metal_driver_cpu_get_exception_pc
                0x0000000080004278       0x1e /home/anhnt_iti2/work/freedom_tools/freedom-e-sdk/bsp/arty_a7_100t/install/lib/debug//libmetal.a(riscv_cpu.o)
                0x0000000080004278                __metal_driver_cpu_get_exception_pc
 .text.__metal_driver_cpu_set_exception_pc
                0x0000000080004296       0x20 /home/anhnt_iti2/work/freedom_tools/freedom-e-sdk/bsp/arty_a7_100t/install/lib/debug//libmetal.a(riscv_cpu.o)
                0x0000000080004296                __metal_driver_cpu_set_exception_pc
 .text.__metal_driver_cpu_get_buserror
                0x00000000800042b6       0x20 /home/anhnt_iti2/work/freedom_tools/freedom-e-sdk/bsp/arty_a7_100t/install/lib/debug//libmetal.a(riscv_cpu.o)
                0x00000000800042b6                __metal_driver_cpu_get_buserror
 .text.__metal_driver_sifive_plic0_control_base
                0x00000000800042d6       0x2a /home/anhnt_iti2/work/freedom_tools/freedom-e-sdk/bsp/arty_a7_100t/install/lib/debug//libmetal.a(riscv_plic0.o)
 .text.__metal_driver_sifive_plic0_num_interrupts
                0x0000000080004300       0x2a /home/anhnt_iti2/work/freedom_tools/freedom-e-sdk/bsp/arty_a7_100t/install/lib/debug//libmetal.a(riscv_plic0.o)
 .text.__metal_driver_sifive_plic0_max_priority
                0x000000008000432a       0x28 /home/anhnt_iti2/work/freedom_tools/freedom-e-sdk/bsp/arty_a7_100t/install/lib/debug//libmetal.a(riscv_plic0.o)
 .text.__metal_driver_sifive_plic0_interrupt_parents
                0x0000000080004352       0x44 /home/anhnt_iti2/work/freedom_tools/freedom-e-sdk/bsp/arty_a7_100t/install/lib/debug//libmetal.a(riscv_plic0.o)
 .text.__metal_driver_sifive_plic0_interrupt_lines
                0x0000000080004396       0x38 /home/anhnt_iti2/work/freedom_tools/freedom-e-sdk/bsp/arty_a7_100t/install/lib/debug//libmetal.a(riscv_plic0.o)
 .text.__metal_driver_sifive_plic0_context_ids
                0x00000000800043ce       0x22 /home/anhnt_iti2/work/freedom_tools/freedom-e-sdk/bsp/arty_a7_100t/install/lib/debug//libmetal.a(riscv_plic0.o)
 .text.__metal_plic0_claim_interrupt
                0x00000000800043f0       0x42 /home/anhnt_iti2/work/freedom_tools/freedom-e-sdk/bsp/arty_a7_100t/install/lib/debug//libmetal.a(riscv_plic0.o)
                0x00000000800043f0                __metal_plic0_claim_interrupt
 .text.__metal_plic0_complete_interrupt
                0x0000000080004432       0x4e /home/anhnt_iti2/work/freedom_tools/freedom-e-sdk/bsp/arty_a7_100t/install/lib/debug//libmetal.a(riscv_plic0.o)
                0x0000000080004432                __metal_plic0_complete_interrupt
 .text.__metal_plic0_set_threshold
                0x0000000080004480       0x4e /home/anhnt_iti2/work/freedom_tools/freedom-e-sdk/bsp/arty_a7_100t/install/lib/debug//libmetal.a(riscv_plic0.o)
                0x0000000080004480                __metal_plic0_set_threshold
 .text.__metal_plic0_get_threshold
                0x00000000800044ce       0x40 /home/anhnt_iti2/work/freedom_tools/freedom-e-sdk/bsp/arty_a7_100t/install/lib/debug//libmetal.a(riscv_plic0.o)
                0x00000000800044ce                __metal_plic0_get_threshold
 .text.__metal_driver_riscv_plic0_set_priority
                0x000000008000450e       0x76 /home/anhnt_iti2/work/freedom_tools/freedom-e-sdk/bsp/arty_a7_100t/install/lib/debug//libmetal.a(riscv_plic0.o)
                0x000000008000450e                __metal_driver_riscv_plic0_set_priority
 .text.__metal_driver_riscv_plic0_get_priority
                0x0000000080004584       0x3e /home/anhnt_iti2/work/freedom_tools/freedom-e-sdk/bsp/arty_a7_100t/install/lib/debug//libmetal.a(riscv_plic0.o)
                0x0000000080004584                __metal_driver_riscv_plic0_get_priority
 .text.__metal_plic0_enable
                0x00000000800045c2       0xd0 /home/anhnt_iti2/work/freedom_tools/freedom-e-sdk/bsp/arty_a7_100t/install/lib/debug//libmetal.a(riscv_plic0.o)
                0x00000000800045c2                __metal_plic0_enable
 .text.__metal_plic0_default_handler
                0x0000000080004692       0x1a /home/anhnt_iti2/work/freedom_tools/freedom-e-sdk/bsp/arty_a7_100t/install/lib/debug//libmetal.a(riscv_plic0.o)
                0x0000000080004692                __metal_plic0_default_handler
 .text.__metal_plic0_handler
                0x00000000800046ac       0xba /home/anhnt_iti2/work/freedom_tools/freedom-e-sdk/bsp/arty_a7_100t/install/lib/debug//libmetal.a(riscv_plic0.o)
                0x00000000800046ac                __metal_plic0_handler
 .text.__metal_driver_riscv_plic0_init
                0x0000000080004766      0x17a /home/anhnt_iti2/work/freedom_tools/freedom-e-sdk/bsp/arty_a7_100t/install/lib/debug//libmetal.a(riscv_plic0.o)
                0x0000000080004766                __metal_driver_riscv_plic0_init
 .text.__metal_driver_riscv_plic0_register
                0x00000000800048e0       0xc4 /home/anhnt_iti2/work/freedom_tools/freedom-e-sdk/bsp/arty_a7_100t/install/lib/debug//libmetal.a(riscv_plic0.o)
                0x00000000800048e0                __metal_driver_riscv_plic0_register
 .text.__metal_driver_riscv_plic0_enable
                0x00000000800049a4       0x5a /home/anhnt_iti2/work/freedom_tools/freedom-e-sdk/bsp/arty_a7_100t/install/lib/debug//libmetal.a(riscv_plic0.o)
                0x00000000800049a4                __metal_driver_riscv_plic0_enable
 .text.__metal_driver_riscv_plic0_disable
                0x00000000800049fe       0x5a /home/anhnt_iti2/work/freedom_tools/freedom-e-sdk/bsp/arty_a7_100t/install/lib/debug//libmetal.a(riscv_plic0.o)
                0x00000000800049fe                __metal_driver_riscv_plic0_disable
 .text.__metal_driver_riscv_plic0_set_threshold
                0x0000000080004a58       0x36 /home/anhnt_iti2/work/freedom_tools/freedom-e-sdk/bsp/arty_a7_100t/install/lib/debug//libmetal.a(riscv_plic0.o)
                0x0000000080004a58                __metal_driver_riscv_plic0_set_threshold
 .text.__metal_driver_riscv_plic0_get_threshold
                0x0000000080004a8e       0x2c /home/anhnt_iti2/work/freedom_tools/freedom-e-sdk/bsp/arty_a7_100t/install/lib/debug//libmetal.a(riscv_plic0.o)
                0x0000000080004a8e                __metal_driver_riscv_plic0_get_threshold
 .text.__metal_driver_riscv_plic0_affinity_enable
                0x0000000080004aba       0xae /home/anhnt_iti2/work/freedom_tools/freedom-e-sdk/bsp/arty_a7_100t/install/lib/debug//libmetal.a(riscv_plic0.o)
                0x0000000080004aba                __metal_driver_riscv_plic0_affinity_enable
 .text.__metal_driver_riscv_plic0_affinity_disable
                0x0000000080004b68       0xae /home/anhnt_iti2/work/freedom_tools/freedom-e-sdk/bsp/arty_a7_100t/install/lib/debug//libmetal.a(riscv_plic0.o)
                0x0000000080004b68                __metal_driver_riscv_plic0_affinity_disable
 .text.__metal_driver_riscv_plic0_affinity_set_threshold
                0x0000000080004c16       0x82 /home/anhnt_iti2/work/freedom_tools/freedom-e-sdk/bsp/arty_a7_100t/install/lib/debug//libmetal.a(riscv_plic0.o)
                0x0000000080004c16                __metal_driver_riscv_plic0_affinity_set_threshold
 .text.__metal_driver_riscv_plic0_affinity_get_threshold
                0x0000000080004c98       0x2c /home/anhnt_iti2/work/freedom_tools/freedom-e-sdk/bsp/arty_a7_100t/install/lib/debug//libmetal.a(riscv_plic0.o)
                0x0000000080004c98                __metal_driver_riscv_plic0_affinity_get_threshold
 .text.__metal_driver_sifive_i2c0_control_base
                0x0000000080004cc4       0x2a /home/anhnt_iti2/work/freedom_tools/freedom-e-sdk/bsp/arty_a7_100t/install/lib/debug//libmetal.a(sifive_i2c0.o)
 .text.__metal_driver_sifive_i2c0_clock
                0x0000000080004cee       0x2e /home/anhnt_iti2/work/freedom_tools/freedom-e-sdk/bsp/arty_a7_100t/install/lib/debug//libmetal.a(sifive_i2c0.o)
 .text.pre_rate_change_callback
                0x0000000080004d1c       0x36 /home/anhnt_iti2/work/freedom_tools/freedom-e-sdk/bsp/arty_a7_100t/install/lib/debug//libmetal.a(sifive_i2c0.o)
 .text.post_rate_change_callback
                0x0000000080004d52       0x32 /home/anhnt_iti2/work/freedom_tools/freedom-e-sdk/bsp/arty_a7_100t/install/lib/debug//libmetal.a(sifive_i2c0.o)
 .text.__metal_driver_sifive_i2c0_init
                0x0000000080004d84       0x5a /home/anhnt_iti2/work/freedom_tools/freedom-e-sdk/bsp/arty_a7_100t/install/lib/debug//libmetal.a(sifive_i2c0.o)
 .text.__metal_driver_sifive_i2c0_get_baud_rate
                0x0000000080004dde       0x22 /home/anhnt_iti2/work/freedom_tools/freedom-e-sdk/bsp/arty_a7_100t/install/lib/debug//libmetal.a(sifive_i2c0.o)
 .text.__metal_driver_sifive_i2c0_set_baud_rate
                0x0000000080004e00      0x162 /home/anhnt_iti2/work/freedom_tools/freedom-e-sdk/bsp/arty_a7_100t/install/lib/debug//libmetal.a(sifive_i2c0.o)
 .text.__metal_driver_sifive_i2c0_write_addr
                0x0000000080004f62       0xf6 /home/anhnt_iti2/work/freedom_tools/freedom-e-sdk/bsp/arty_a7_100t/install/lib/debug//libmetal.a(sifive_i2c0.o)
 .text.__metal_driver_sifive_i2c0_write
                0x0000000080005058      0x16e /home/anhnt_iti2/work/freedom_tools/freedom-e-sdk/bsp/arty_a7_100t/install/lib/debug//libmetal.a(sifive_i2c0.o)
 .text.__metal_driver_sifive_i2c0_read
                0x00000000800051c6      0x154 /home/anhnt_iti2/work/freedom_tools/freedom-e-sdk/bsp/arty_a7_100t/install/lib/debug//libmetal.a(sifive_i2c0.o)
 .text.__metal_driver_sifive_i2c0_transfer
                0x000000008000531a      0x226 /home/anhnt_iti2/work/freedom_tools/freedom-e-sdk/bsp/arty_a7_100t/install/lib/debug//libmetal.a(sifive_i2c0.o)
 .text.__metal_driver_sifive_uart0_control_base
                0x0000000080005540       0x2a /home/anhnt_iti2/work/freedom_tools/freedom-e-sdk/bsp/arty_a7_100t/install/lib/debug//libmetal.a(sifive_uart0.o)
 .text.__metal_driver_sifive_uart0_interrupt_parent
                0x000000008000556a       0x2e /home/anhnt_iti2/work/freedom_tools/freedom-e-sdk/bsp/arty_a7_100t/install/lib/debug//libmetal.a(sifive_uart0.o)
 .text.__metal_driver_sifive_uart0_interrupt_line
                0x0000000080005598       0x28 /home/anhnt_iti2/work/freedom_tools/freedom-e-sdk/bsp/arty_a7_100t/install/lib/debug//libmetal.a(sifive_uart0.o)
 .text.__metal_driver_sifive_uart0_clock
                0x00000000800055c0       0x2e /home/anhnt_iti2/work/freedom_tools/freedom-e-sdk/bsp/arty_a7_100t/install/lib/debug//libmetal.a(sifive_uart0.o)
 .text.__metal_driver_sifive_uart0_pinmux
                0x00000000800055ee       0x28 /home/anhnt_iti2/work/freedom_tools/freedom-e-sdk/bsp/arty_a7_100t/install/lib/debug//libmetal.a(sifive_uart0.o)
 .text.__metal_driver_sifive_uart0_pinmux_output_selector
                0x0000000080005616       0x28 /home/anhnt_iti2/work/freedom_tools/freedom-e-sdk/bsp/arty_a7_100t/install/lib/debug//libmetal.a(sifive_uart0.o)
 .text.__metal_driver_sifive_uart0_pinmux_source_selector
                0x000000008000563e       0x28 /home/anhnt_iti2/work/freedom_tools/freedom-e-sdk/bsp/arty_a7_100t/install/lib/debug//libmetal.a(sifive_uart0.o)
 .text.__metal_driver_sifive_uart0_interrupt_controller
                0x0000000080005666       0x20 /home/anhnt_iti2/work/freedom_tools/freedom-e-sdk/bsp/arty_a7_100t/install/lib/debug//libmetal.a(sifive_uart0.o)
                0x0000000080005666                __metal_driver_sifive_uart0_interrupt_controller
 .text.__metal_driver_sifive_uart0_get_interrupt_id
                0x0000000080005686       0x20 /home/anhnt_iti2/work/freedom_tools/freedom-e-sdk/bsp/arty_a7_100t/install/lib/debug//libmetal.a(sifive_uart0.o)
                0x0000000080005686                __metal_driver_sifive_uart0_get_interrupt_id
 .text.__metal_driver_sifive_uart0_tx_interrupt_enable
                0x00000000800056a6       0x44 /home/anhnt_iti2/work/freedom_tools/freedom-e-sdk/bsp/arty_a7_100t/install/lib/debug//libmetal.a(sifive_uart0.o)
                0x00000000800056a6                __metal_driver_sifive_uart0_tx_interrupt_enable
 .text.__metal_driver_sifive_uart0_tx_interrupt_disable
                0x00000000800056ea       0x42 /home/anhnt_iti2/work/freedom_tools/freedom-e-sdk/bsp/arty_a7_100t/install/lib/debug//libmetal.a(sifive_uart0.o)
                0x00000000800056ea                __metal_driver_sifive_uart0_tx_interrupt_disable
 .text.__metal_driver_sifive_uart0_rx_interrupt_enable
                0x000000008000572c       0x44 /home/anhnt_iti2/work/freedom_tools/freedom-e-sdk/bsp/arty_a7_100t/install/lib/debug//libmetal.a(sifive_uart0.o)
                0x000000008000572c                __metal_driver_sifive_uart0_rx_interrupt_enable
 .text.__metal_driver_sifive_uart0_rx_interrupt_disable
                0x0000000080005770       0x42 /home/anhnt_iti2/work/freedom_tools/freedom-e-sdk/bsp/arty_a7_100t/install/lib/debug//libmetal.a(sifive_uart0.o)
                0x0000000080005770                __metal_driver_sifive_uart0_rx_interrupt_disable
 .text.__metal_driver_sifive_uart0_txready
                0x00000000800057b2       0x38 /home/anhnt_iti2/work/freedom_tools/freedom-e-sdk/bsp/arty_a7_100t/install/lib/debug//libmetal.a(sifive_uart0.o)
                0x00000000800057b2                __metal_driver_sifive_uart0_txready
 .text.__metal_driver_sifive_uart0_set_tx_watermark
                0x00000000800057ea       0x5e /home/anhnt_iti2/work/freedom_tools/freedom-e-sdk/bsp/arty_a7_100t/install/lib/debug//libmetal.a(sifive_uart0.o)
                0x00000000800057ea                __metal_driver_sifive_uart0_set_tx_watermark
 .text.__metal_driver_sifive_uart0_get_tx_watermark
                0x0000000080005848       0x3a /home/anhnt_iti2/work/freedom_tools/freedom-e-sdk/bsp/arty_a7_100t/install/lib/debug//libmetal.a(sifive_uart0.o)
                0x0000000080005848                __metal_driver_sifive_uart0_get_tx_watermark
 .text.__metal_driver_sifive_uart0_set_rx_watermark
                0x0000000080005882       0x5e /home/anhnt_iti2/work/freedom_tools/freedom-e-sdk/bsp/arty_a7_100t/install/lib/debug//libmetal.a(sifive_uart0.o)
                0x0000000080005882                __metal_driver_sifive_uart0_set_rx_watermark
 .text.__metal_driver_sifive_uart0_get_rx_watermark
                0x00000000800058e0       0x3a /home/anhnt_iti2/work/freedom_tools/freedom-e-sdk/bsp/arty_a7_100t/install/lib/debug//libmetal.a(sifive_uart0.o)
                0x00000000800058e0                __metal_driver_sifive_uart0_get_rx_watermark
 .text.__metal_driver_sifive_uart0_putc
                0x000000008000591a       0x44 /home/anhnt_iti2/work/freedom_tools/freedom-e-sdk/bsp/arty_a7_100t/install/lib/debug//libmetal.a(sifive_uart0.o)
                0x000000008000591a                __metal_driver_sifive_uart0_putc
 .text.__metal_driver_sifive_uart0_getc
                0x000000008000595e       0x5a /home/anhnt_iti2/work/freedom_tools/freedom-e-sdk/bsp/arty_a7_100t/install/lib/debug//libmetal.a(sifive_uart0.o)
                0x000000008000595e                __metal_driver_sifive_uart0_getc
 .text.__metal_driver_sifive_uart0_get_baud_rate
                0x00000000800059b8       0x22 /home/anhnt_iti2/work/freedom_tools/freedom-e-sdk/bsp/arty_a7_100t/install/lib/debug//libmetal.a(sifive_uart0.o)
                0x00000000800059b8                __metal_driver_sifive_uart0_get_baud_rate
 .text.__metal_driver_sifive_uart0_set_baud_rate
                0x00000000800059da       0xb8 /home/anhnt_iti2/work/freedom_tools/freedom-e-sdk/bsp/arty_a7_100t/install/lib/debug//libmetal.a(sifive_uart0.o)
                0x00000000800059da                __metal_driver_sifive_uart0_set_baud_rate
 .text.pre_rate_change_callback_func
                0x0000000080005a92       0xec /home/anhnt_iti2/work/freedom_tools/freedom-e-sdk/bsp/arty_a7_100t/install/lib/debug//libmetal.a(sifive_uart0.o)
 .text.post_rate_change_callback_func
                0x0000000080005b7e       0x32 /home/anhnt_iti2/work/freedom_tools/freedom-e-sdk/bsp/arty_a7_100t/install/lib/debug//libmetal.a(sifive_uart0.o)
 .text.__metal_driver_sifive_uart0_init
                0x0000000080005bb0       0xdc /home/anhnt_iti2/work/freedom_tools/freedom-e-sdk/bsp/arty_a7_100t/install/lib/debug//libmetal.a(sifive_uart0.o)
                0x0000000080005bb0                __metal_driver_sifive_uart0_init
 .text._metal_clock_append_to_callbacks
                0x0000000080005c8c       0x54 /home/anhnt_iti2/work/freedom_tools/freedom-e-sdk/bsp/arty_a7_100t/install/lib/debug//libmetal.a(clock.o)
                0x0000000080005c8c                _metal_clock_append_to_callbacks
 .text.metal_clock_register_pre_rate_change_callback
                0x0000000080005ce0       0x32 /home/anhnt_iti2/work/freedom_tools/freedom-e-sdk/bsp/arty_a7_100t/install/lib/debug//libmetal.a(clock.o)
                0x0000000080005ce0                metal_clock_register_pre_rate_change_callback
 .text.metal_clock_register_post_rate_change_callback
                0x0000000080005d12       0x32 /home/anhnt_iti2/work/freedom_tools/freedom-e-sdk/bsp/arty_a7_100t/install/lib/debug//libmetal.a(clock.o)
                0x0000000080005d12                metal_clock_register_post_rate_change_callback
 .text.metal_cpu_get_timer
                0x0000000080005d44       0x26 /home/anhnt_iti2/work/freedom_tools/freedom-e-sdk/bsp/arty_a7_100t/install/lib/debug//libmetal.a(cpu.o)
                0x0000000080005d44                metal_cpu_get_timer
 .text.metal_cpu_get_timebase
                0x0000000080005d6a       0x26 /home/anhnt_iti2/work/freedom_tools/freedom-e-sdk/bsp/arty_a7_100t/install/lib/debug//libmetal.a(cpu.o)
                0x0000000080005d6a                metal_cpu_get_timebase
 .text.metal_cpu_interrupt_controller
                0x0000000080005d90       0x26 /home/anhnt_iti2/work/freedom_tools/freedom-e-sdk/bsp/arty_a7_100t/install/lib/debug//libmetal.a(cpu.o)
                0x0000000080005d90                metal_cpu_interrupt_controller
 .text.metal_cpu_get
                0x0000000080005db6       0x32 /home/anhnt_iti2/work/freedom_tools/freedom-e-sdk/bsp/arty_a7_100t/install/lib/debug//libmetal.a(cpu.o)
                0x0000000080005db6                metal_cpu_get
 .text.metal_cpu_get_current_hartid
                0x0000000080005de8       0x1a /home/anhnt_iti2/work/freedom_tools/freedom-e-sdk/bsp/arty_a7_100t/install/lib/debug//libmetal.a(cpu.o)
                0x0000000080005de8                metal_cpu_get_current_hartid
 .text.metal_i2c_init
                0x0000000080005e02       0x3e /home/anhnt_iti2/work/freedom_tools/freedom-e-sdk/bsp/arty_a7_100t/install/lib/debug//libmetal.a(i2c.o)
                0x0000000080005e02                metal_i2c_init
 .text.metal_i2c_write
                0x0000000080005e40       0x50 /home/anhnt_iti2/work/freedom_tools/freedom-e-sdk/bsp/arty_a7_100t/install/lib/debug//libmetal.a(i2c.o)
                0x0000000080005e40                metal_i2c_write
 .text.metal_i2c_read
                0x0000000080005e90       0x50 /home/anhnt_iti2/work/freedom_tools/freedom-e-sdk/bsp/arty_a7_100t/install/lib/debug//libmetal.a(i2c.o)
                0x0000000080005e90                metal_i2c_read
 .text.metal_i2c_set_baud_rate
                0x0000000080005ee0       0x32 /home/anhnt_iti2/work/freedom_tools/freedom-e-sdk/bsp/arty_a7_100t/install/lib/debug//libmetal.a(i2c.o)
                0x0000000080005ee0                metal_i2c_set_baud_rate
 .text.metal_i2c_get_device
                0x0000000080005f12       0x32 /home/anhnt_iti2/work/freedom_tools/freedom-e-sdk/bsp/arty_a7_100t/install/lib/debug//libmetal.a(i2c.o)
                0x0000000080005f12                metal_i2c_get_device
 .text.metal_shutdown
                0x0000000080005f44       0x10 /home/anhnt_iti2/work/freedom_tools/freedom-e-sdk/bsp/arty_a7_100t/install/lib/debug//libmetal.a(shutdown.o)
                0x0000000080005f44                metal_shutdown
 .text.metal_gettimeofday
                0x0000000080005f54       0x94 /home/anhnt_iti2/work/freedom_tools/freedom-e-sdk/bsp/arty_a7_100t/install/lib/debug//libmetal.a(time.o)
                0x0000000080005f54                metal_gettimeofday
 .text.metal_time
                0x0000000080005fe8       0x2e /home/anhnt_iti2/work/freedom_tools/freedom-e-sdk/bsp/arty_a7_100t/install/lib/debug//libmetal.a(time.o)
                0x0000000080005fe8                metal_time
 .text.metal_uart_init
                0x0000000080006016       0x30 /home/anhnt_iti2/work/freedom_tools/freedom-e-sdk/bsp/arty_a7_100t/install/lib/debug//libmetal.a(uart.o)
                0x0000000080006016                metal_uart_init
 .text.metal_uart_putc
                0x0000000080006046       0x32 /home/anhnt_iti2/work/freedom_tools/freedom-e-sdk/bsp/arty_a7_100t/install/lib/debug//libmetal.a(uart.o)
                0x0000000080006046                metal_uart_putc
 .text.metal_uart_set_baud_rate
                0x0000000080006078       0x32 /home/anhnt_iti2/work/freedom_tools/freedom-e-sdk/bsp/arty_a7_100t/install/lib/debug//libmetal.a(uart.o)
                0x0000000080006078                metal_uart_set_baud_rate
 *fill*         0x00000000800060aa       0x56 
 .text          0x0000000080006100      0x100 /home/anhnt_iti2/work/freedom_tools/freedom-e-sdk/bsp/arty_a7_100t/install/lib/debug//libmetal.a(vector.o)
                0x0000000080006100                __metal_vector_table
 .text.__metal_driver_fixed_clock_rate
                0x0000000080006200       0x48 /home/anhnt_iti2/work/freedom_tools/freedom-e-sdk/bsp/arty_a7_100t/install/lib/debug//libmetal.a(fixed-clock.o)
 .text.__metal_driver_fixed_clock_get_rate_hz
                0x0000000080006248       0x20 /home/anhnt_iti2/work/freedom_tools/freedom-e-sdk/bsp/arty_a7_100t/install/lib/debug//libmetal.a(fixed-clock.o)
                0x0000000080006248                __metal_driver_fixed_clock_get_rate_hz
 .text.__metal_driver_fixed_clock_set_rate_hz
                0x0000000080006268       0x24 /home/anhnt_iti2/work/freedom_tools/freedom-e-sdk/bsp/arty_a7_100t/install/lib/debug//libmetal.a(fixed-clock.o)
                0x0000000080006268                __metal_driver_fixed_clock_set_rate_hz
 .text.metal_timer_get_cyclecount
                0x000000008000628c       0x46 /home/anhnt_iti2/work/freedom_tools/freedom-e-sdk/bsp/arty_a7_100t/install/lib/debug//libmetal.a(timer.o)
                0x000000008000628c                metal_timer_get_cyclecount
 .text.metal_timer_get_timebase_frequency
                0x00000000800062d2       0x46 /home/anhnt_iti2/work/freedom_tools/freedom-e-sdk/bsp/arty_a7_100t/install/lib/debug//libmetal.a(timer.o)
                0x00000000800062d2                metal_timer_get_timebase_frequency
 .text._close   0x0000000080006318       0x26 /home/anhnt_iti2/work/freedom_tools/freedom-e-sdk/bsp/arty_a7_100t/install/lib/debug//libmetal-gloss.a(sys_close.o)
                0x0000000080006318                _close
 .text._fstat   0x000000008000633e       0x2a /home/anhnt_iti2/work/freedom_tools/freedom-e-sdk/bsp/arty_a7_100t/install/lib/debug//libmetal-gloss.a(sys_fstat.o)
                0x000000008000633e                _fstat
 .text._isatty  0x0000000080006368       0x2c /home/anhnt_iti2/work/freedom_tools/freedom-e-sdk/bsp/arty_a7_100t/install/lib/debug//libmetal-gloss.a(sys_isatty.o)
                0x0000000080006368                _isatty
 .text._lseek   0x0000000080006394       0x32 /home/anhnt_iti2/work/freedom_tools/freedom-e-sdk/bsp/arty_a7_100t/install/lib/debug//libmetal-gloss.a(sys_lseek.o)
                0x0000000080006394                _lseek
 .text._read    0x00000000800063c6       0x2e /home/anhnt_iti2/work/freedom_tools/freedom-e-sdk/bsp/arty_a7_100t/install/lib/debug//libmetal-gloss.a(sys_read.o)
                0x00000000800063c6                _read
 .text._sbrk    0x00000000800063f4       0x78 /home/anhnt_iti2/work/freedom_tools/freedom-e-sdk/bsp/arty_a7_100t/install/lib/debug//libmetal-gloss.a(sys_sbrk.o)
                0x00000000800063f4                _sbrk
 .text._write   0x000000008000646c       0x7a /home/anhnt_iti2/work/freedom_tools/freedom-e-sdk/bsp/arty_a7_100t/install/lib/debug//libmetal-gloss.a(sys_write.o)
                0x000000008000646c                write
                0x000000008000646c                _write
 .text.atexit   0x00000000800064e6        0xa /home/anhnt_iti2/work/freedom_tools/freedom-studio/SiFive/riscv64-unknown-elf-gcc-8.3.0-2019.08.0/bin/../lib/gcc/riscv64-unknown-elf/8.3.0/../../../../riscv64-unknown-elf/lib/rv64imac/lp64/libc_nano.a(lib_a-atexit.o)
                0x00000000800064e6                atexit
 .text.__errno  0x00000000800064f0        0x8 /home/anhnt_iti2/work/freedom_tools/freedom-studio/SiFive/riscv64-unknown-elf-gcc-8.3.0-2019.08.0/bin/../lib/gcc/riscv64-unknown-elf/8.3.0/../../../../riscv64-unknown-elf/lib/rv64imac/lp64/libc_nano.a(lib_a-errno.o)
                0x00000000800064f0                __errno
 .text.exit     0x00000000800064f8       0x2a /home/anhnt_iti2/work/freedom_tools/freedom-studio/SiFive/riscv64-unknown-elf-gcc-8.3.0-2019.08.0/bin/../lib/gcc/riscv64-unknown-elf/8.3.0/../../../../riscv64-unknown-elf/lib/rv64imac/lp64/libc_nano.a(lib_a-exit.o)
                0x00000000800064f8                exit
 .text.__libc_fini_array
                0x0000000080006522       0x38 /home/anhnt_iti2/work/freedom_tools/freedom-studio/SiFive/riscv64-unknown-elf-gcc-8.3.0-2019.08.0/bin/../lib/gcc/riscv64-unknown-elf/8.3.0/../../../../riscv64-unknown-elf/lib/rv64imac/lp64/libc_nano.a(lib_a-fini.o)
                0x0000000080006522                __libc_fini_array
 .text.__libc_init_array
                0x000000008000655a       0x6a /home/anhnt_iti2/work/freedom_tools/freedom-studio/SiFive/riscv64-unknown-elf-gcc-8.3.0-2019.08.0/bin/../lib/gcc/riscv64-unknown-elf/8.3.0/../../../../riscv64-unknown-elf/lib/rv64imac/lp64/libc_nano.a(lib_a-init.o)
                0x000000008000655a                __libc_init_array
 .text.__register_exitproc
                0x00000000800065c4       0x8a /home/anhnt_iti2/work/freedom_tools/freedom-studio/SiFive/riscv64-unknown-elf-gcc-8.3.0-2019.08.0/bin/../lib/gcc/riscv64-unknown-elf/8.3.0/../../../../riscv64-unknown-elf/lib/rv64imac/lp64/libc_nano.a(lib_a-__atexit.o)
                0x00000000800065c4                __register_exitproc
 .text.__call_exitprocs
                0x000000008000664e       0xc6 /home/anhnt_iti2/work/freedom_tools/freedom-studio/SiFive/riscv64-unknown-elf-gcc-8.3.0-2019.08.0/bin/../lib/gcc/riscv64-unknown-elf/8.3.0/../../../../riscv64-unknown-elf/lib/rv64imac/lp64/libc_nano.a(lib_a-__call_atexit.o)
                0x000000008000664e                __call_exitprocs
 .text.metal_init
                0x0000000080006714       0x7c /home/anhnt_iti2/work/freedom_tools/freedom-e-sdk/bsp/arty_a7_100t/install/lib/debug//libmetal.a(init.o)
                0x0000000080006714                metal_init
 .text.metal_fini
                0x0000000080006790       0x7c /home/anhnt_iti2/work/freedom_tools/freedom-e-sdk/bsp/arty_a7_100t/install/lib/debug//libmetal.a(init.o)
                0x0000000080006790                metal_fini
 .text.metal_init_run
                0x000000008000680c       0x16 /home/anhnt_iti2/work/freedom_tools/freedom-e-sdk/bsp/arty_a7_100t/install/lib/debug//libmetal.a(init.o)
                0x000000008000680c                metal_init_run
 .text.metal_fini_run
                0x0000000080006822       0x16 /home/anhnt_iti2/work/freedom_tools/freedom-e-sdk/bsp/arty_a7_100t/install/lib/debug//libmetal.a(init.o)
                0x0000000080006822                metal_fini_run
 .text.metal_tty_putc
                0x0000000080006838       0x2c /home/anhnt_iti2/work/freedom_tools/freedom-e-sdk/bsp/arty_a7_100t/install/lib/debug//libmetal.a(tty.o)
                0x0000000080006838                metal_tty_putc
 .text._exit    0x0000000080006864       0x18 /home/anhnt_iti2/work/freedom_tools/freedom-e-sdk/bsp/arty_a7_100t/install/lib/debug//libmetal-gloss.a(sys_exit.o)
                0x0000000080006864                _exit
 *(.gnu.linkonce.t.*)

.rela.dyn       0x0000000080006880        0x0
 .rela.text._vfprintf_r
                0x0000000080006880        0x0 /tmp/ccLSZGxt.o
 .rela.text._sbrk_r
                0x0000000080006880        0x0 /tmp/ccLSZGxt.o
 .rela.text._write_r
                0x0000000080006880        0x0 /tmp/ccLSZGxt.o
 .rela.text._close_r
                0x0000000080006880        0x0 /tmp/ccLSZGxt.o
 .rela.text._fstat_r
                0x0000000080006880        0x0 /tmp/ccLSZGxt.o
 .rela.text._isatty_r
                0x0000000080006880        0x0 /tmp/ccLSZGxt.o
 .rela.text._lseek_r
                0x0000000080006880        0x0 /tmp/ccLSZGxt.o
 .rela.text._read_r
                0x0000000080006880        0x0 /tmp/ccLSZGxt.o
 .rela.text.__metal_driver_cpu_get
                0x0000000080006880        0x0 /tmp/ccLSZGxt.o
 .rela.text.metal_software_interrupt_vector_handler
                0x0000000080006880        0x0 /tmp/ccLSZGxt.o
 .rela.text.__metal_default_sw_handler
                0x0000000080006880        0x0 /tmp/ccLSZGxt.o
 .rela.text.metal_timer_interrupt_vector_handler
                0x0000000080006880        0x0 /tmp/ccLSZGxt.o
 .rela.text.__metal_exception_handler
                0x0000000080006880        0x0 /tmp/ccLSZGxt.o
 .rela.text.metal_lc0_interrupt_vector_handler
                0x0000000080006880        0x0 /tmp/ccLSZGxt.o
 .rela.text.metal_lc1_interrupt_vector_handler
                0x0000000080006880        0x0 /tmp/ccLSZGxt.o
 .rela.text.metal_lc2_interrupt_vector_handler
                0x0000000080006880        0x0 /tmp/ccLSZGxt.o
 .rela.text.metal_lc3_interrupt_vector_handler
                0x0000000080006880        0x0 /tmp/ccLSZGxt.o
 .rela.text.metal_lc4_interrupt_vector_handler
                0x0000000080006880        0x0 /tmp/ccLSZGxt.o
 .rela.text.metal_lc5_interrupt_vector_handler
                0x0000000080006880        0x0 /tmp/ccLSZGxt.o
 .rela.text.metal_lc6_interrupt_vector_handler
                0x0000000080006880        0x0 /tmp/ccLSZGxt.o
 .rela.text.metal_lc7_interrupt_vector_handler
                0x0000000080006880        0x0 /tmp/ccLSZGxt.o
 .rela.text.metal_lc8_interrupt_vector_handler
                0x0000000080006880        0x0 /tmp/ccLSZGxt.o
 .rela.text.metal_lc9_interrupt_vector_handler
                0x0000000080006880        0x0 /tmp/ccLSZGxt.o
 .rela.text.metal_lc10_interrupt_vector_handler
                0x0000000080006880        0x0 /tmp/ccLSZGxt.o
 .rela.text.metal_lc11_interrupt_vector_handler
                0x0000000080006880        0x0 /tmp/ccLSZGxt.o
 .rela.text.metal_lc12_interrupt_vector_handler
                0x0000000080006880        0x0 /tmp/ccLSZGxt.o
 .rela.text.metal_lc13_interrupt_vector_handler
                0x0000000080006880        0x0 /tmp/ccLSZGxt.o
 .rela.text.metal_lc14_interrupt_vector_handler
                0x0000000080006880        0x0 /tmp/ccLSZGxt.o
 .rela.text.metal_lc15_interrupt_vector_handler
                0x0000000080006880        0x0 /tmp/ccLSZGxt.o
 .rela.text.metal_cpu_get
                0x0000000080006880        0x0 /tmp/ccLSZGxt.o
 .rela.text.metal.init.enter
                0x0000000080006880        0x0 /tmp/ccLSZGxt.o
 .rela.text.metal.init.scrub
                0x0000000080006880        0x0 /tmp/ccLSZGxt.o
 .rela.text.metal_i2c_get_device
                0x0000000080006880        0x0 /tmp/ccLSZGxt.o
 .rela.text     0x0000000080006880        0x0 /tmp/ccLSZGxt.o
 .rela.text.libgloss.start
                0x0000000080006880        0x0 /tmp/ccLSZGxt.o
 .rela.sdata.__brk
                0x0000000080006880        0x0 /tmp/ccLSZGxt.o
 .rela.text._sbrk
                0x0000000080006880        0x0 /tmp/ccLSZGxt.o
 .rela.text.__libc_fini_array
                0x0000000080006880        0x0 /tmp/ccLSZGxt.o
 .rela.text.__libc_init_array
                0x0000000080006880        0x0 /tmp/ccLSZGxt.o
 .rela.text.__register_exitproc
                0x0000000080006880        0x0 /tmp/ccLSZGxt.o
 .rela.text.metal_init
                0x0000000080006880        0x0 /tmp/ccLSZGxt.o
 .rela.text.metal_fini
                0x0000000080006880        0x0 /tmp/ccLSZGxt.o

.data           0x0000000080006880      0xd10
 *(.data .data.*)
 .data.impure_data
                0x0000000080006880       0xb0 /home/anhnt_iti2/work/freedom_tools/freedom-studio/SiFive/riscv64-unknown-elf-gcc-8.3.0-2019.08.0/bin/../lib/gcc/riscv64-unknown-elf/8.3.0/../../../../riscv64-unknown-elf/lib/rv64imac/lp64/libc_nano.a(lib_a-impure.o)
 .data.__metal_dt_subsystem_mbus_clock
                0x0000000080006930       0x18 /home/anhnt_iti2/work/freedom_tools/freedom-e-sdk/bsp/arty_a7_100t/install/lib/debug//libmetal.a(inline.o)
                0x0000000080006930                __metal_dt_subsystem_mbus_clock
 .data.__metal_dt_subsystem_pbus_clock
                0x0000000080006948       0x18 /home/anhnt_iti2/work/freedom_tools/freedom-e-sdk/bsp/arty_a7_100t/install/lib/debug//libmetal.a(inline.o)
                0x0000000080006948                __metal_dt_subsystem_pbus_clock
 .data.__metal_dt_clint_2000000
                0x0000000080006960       0x10 /home/anhnt_iti2/work/freedom_tools/freedom-e-sdk/bsp/arty_a7_100t/install/lib/debug//libmetal.a(inline.o)
                0x0000000080006960                __metal_dt_clint_2000000
 .data.__metal_dt_cpu_0
                0x0000000080006970       0x10 /home/anhnt_iti2/work/freedom_tools/freedom-e-sdk/bsp/arty_a7_100t/install/lib/debug//libmetal.a(inline.o)
                0x0000000080006970                __metal_dt_cpu_0
 .data.__metal_dt_cpu_0_interrupt_controller
                0x0000000080006980      0x590 /home/anhnt_iti2/work/freedom_tools/freedom-e-sdk/bsp/arty_a7_100t/install/lib/debug//libmetal.a(inline.o)
                0x0000000080006980                __metal_dt_cpu_0_interrupt_controller
 .data.__metal_dt_interrupt_controller_c000000
                0x0000000080006f10      0x5d8 /home/anhnt_iti2/work/freedom_tools/freedom-e-sdk/bsp/arty_a7_100t/install/lib/debug//libmetal.a(inline.o)
                0x0000000080006f10                __metal_dt_interrupt_controller_c000000
 .data.__metal_dt_i2c_10015000
                0x00000000800074e8       0x40 /home/anhnt_iti2/work/freedom_tools/freedom-e-sdk/bsp/arty_a7_100t/install/lib/debug//libmetal.a(inline.o)
                0x00000000800074e8                __metal_dt_i2c_10015000
 .data.__metal_dt_serial_10013000
                0x0000000080007528       0x40 /home/anhnt_iti2/work/freedom_tools/freedom-e-sdk/bsp/arty_a7_100t/install/lib/debug//libmetal.a(inline.o)
                0x0000000080007528                __metal_dt_serial_10013000
 *(.gnu.linkonce.d.*)
                0x0000000080007568                . = ALIGN (0x8)
                0x0000000080007d68                PROVIDE (__global_pointer$ = (. + 0x800))
 *(.sdata .sdata.* .sdata2.*)
 .sdata.__metal_cpu_table
                0x0000000080007568        0x8 /tmp/ccLSZGxt.o
                0x0000000080007568                __metal_cpu_table
 .sdata.__metal_i2c_table
                0x0000000080007570        0x8 /tmp/ccLSZGxt.o
                0x0000000080007570                __metal_i2c_table
 .sdata._impure_ptr
                0x0000000080007578        0x8 /home/anhnt_iti2/work/freedom_tools/freedom-studio/SiFive/riscv64-unknown-elf-gcc-8.3.0-2019.08.0/bin/../lib/gcc/riscv64-unknown-elf/8.3.0/../../../../riscv64-unknown-elf/lib/rv64imac/lp64/libc_nano.a(lib_a-impure.o)
                0x0000000080007578                _impure_ptr
 .sdata2._global_impure_ptr
                0x0000000080007580        0x8 /home/anhnt_iti2/work/freedom_tools/freedom-studio/SiFive/riscv64-unknown-elf-gcc-8.3.0-2019.08.0/bin/../lib/gcc/riscv64-unknown-elf/8.3.0/../../../../riscv64-unknown-elf/lib/rv64imac/lp64/libc_nano.a(lib_a-impure.o)
                0x0000000080007580                _global_impure_ptr
 .sdata.__brk   0x0000000080007588        0x8 /home/anhnt_iti2/work/freedom_tools/freedom-e-sdk/bsp/arty_a7_100t/install/lib/debug//libmetal-gloss.a(sys_sbrk.o)
 *(.gnu.linkonce.s.*)

.tdata          0x0000000080007590        0x0
                0x0000000080007590                PROVIDE (__tls_base = .)
 *(.tdata .tdata.* .gnu.linkonce.td.*)
                [!provide]                        PROVIDE (__tdata_source = LOADADDR (.tdata))
                [!provide]                        PROVIDE (__tdata_size = SIZEOF (.tdata))
                0x0000000080006880                PROVIDE (metal_segment_data_source_start = LOADADDR (.data))
                0x0000000080006880                PROVIDE (metal_segment_data_target_start = ADDR (.data))
                0x0000000080007590                PROVIDE (metal_segment_data_target_end = (ADDR (.tdata) + SIZEOF (.tdata)))

.tbss           0x0000000080007590        0x0
 *(.tbss .tbss.* .gnu.linkonce.tb.*)
 *(.tcommon .tcommon.*)
                [!provide]                        PROVIDE (__tls_end = .)
                0x0000000000000000                PROVIDE (__tbss_size = SIZEOF (.tbss))
                [!provide]                        PROVIDE (__tls_size = (__tls_end - __tls_base))

.tbss_space     0x0000000080007590        0x0
                0x0000000080007590                . = (. + __tbss_size)

.bss            0x0000000080007590      0x13c
 *(.sbss*)
 .sbss.__malloc_free_list
                0x0000000080007590        0x8 /home/anhnt_iti2/work/freedom_tools/freedom-studio/SiFive/riscv64-unknown-elf-gcc-8.3.0-2019.08.0/bin/../lib/gcc/riscv64-unknown-elf/8.3.0/../../../../riscv64-unknown-elf/lib/rv64imac/lp64/libc_nano.a(lib_a-nano-mallocr.o)
                0x0000000080007590                __malloc_free_list
 .sbss.__malloc_sbrk_start
                0x0000000080007598        0x8 /home/anhnt_iti2/work/freedom_tools/freedom-studio/SiFive/riscv64-unknown-elf-gcc-8.3.0-2019.08.0/bin/../lib/gcc/riscv64-unknown-elf/8.3.0/../../../../riscv64-unknown-elf/lib/rv64imac/lp64/libc_nano.a(lib_a-nano-mallocr.o)
                0x0000000080007598                __malloc_sbrk_start
 .sbss._global_atexit
                0x00000000800075a0        0x8 /home/anhnt_iti2/work/freedom_tools/freedom-studio/SiFive/riscv64-unknown-elf-gcc-8.3.0-2019.08.0/bin/../lib/gcc/riscv64-unknown-elf/8.3.0/../../../../riscv64-unknown-elf/lib/rv64imac/lp64/libc_nano.a(lib_a-__call_atexit.o)
                0x00000000800075a0                _global_atexit
 .sbss.init_done.1952
                0x00000000800075a8        0x4 /home/anhnt_iti2/work/freedom_tools/freedom-e-sdk/bsp/arty_a7_100t/install/lib/debug//libmetal.a(init.o)
 .sbss.fini_done.1961
                0x00000000800075ac        0x4 /home/anhnt_iti2/work/freedom_tools/freedom-e-sdk/bsp/arty_a7_100t/install/lib/debug//libmetal.a(init.o)
 *(.gnu.linkonce.sb.*)
 *(.bss .bss.*)
 .bss._global_atexit0
                0x00000000800075b0      0x118 /home/anhnt_iti2/work/freedom_tools/freedom-studio/SiFive/riscv64-unknown-elf-gcc-8.3.0-2019.08.0/bin/../lib/gcc/riscv64-unknown-elf/8.3.0/../../../../riscv64-unknown-elf/lib/rv64imac/lp64/libc_nano.a(lib_a-__atexit.o)
 *(.gnu.linkonce.b.*)
 *(COMMON)
 COMMON         0x00000000800076c8        0x4 /home/anhnt_iti2/work/freedom_tools/freedom-studio/SiFive/riscv64-unknown-elf-gcc-8.3.0-2019.08.0/bin/../lib/gcc/riscv64-unknown-elf/8.3.0/../../../../riscv64-unknown-elf/lib/rv64imac/lp64/libc_nano.a(lib_a-reent.o)
                0x00000000800076c8                errno
                [!provide]                        PROVIDE (metal_segment_bss_source_start = LOADADDR (.tbss))
                0x0000000080007590                PROVIDE (metal_segment_bss_target_start = ADDR (.tbss))
                0x00000000800076cc                PROVIDE (metal_segment_bss_target_end = (ADDR (.bss) + SIZEOF (.bss)))

.stack          0x00000000800076d0      0x400
                [!provide]                        PROVIDE (metal_segment_stack_begin = .)
                0x0000000080007ad0                . = (. + __stack_size)
 *fill*         0x00000000800076d0      0x400 
                0x0000000080007ad0                PROVIDE (_sp = .)
                [!provide]                        PROVIDE (metal_segment_stack_end = .)

.heap           0x0000000080007ad0      0x800
                [!provide]                        PROVIDE (__end = .)
                [!provide]                        PROVIDE (__heap_start = .)
                0x0000000080007ad0                PROVIDE (metal_segment_heap_target_start = .)
                0x0000000000000800                . = DEFINED (__heap_max)?MIN ((LENGTH (ram) - (. - ORIGIN (ram))), 0x10000000):__heap_size
 *fill*         0x0000000080007ad0      0x800 
                0x00000000800082d0                PROVIDE (metal_segment_heap_target_end = .)
                [!provide]                        PROVIDE (_heap_end = .)
                [!provide]                        PROVIDE (__heap_end = .)

/DISCARD/
 *(.eh_frame .eh_frame.*)
OUTPUT(sensor elf64-littleriscv)

.debug_info     0x0000000000000000    0x21ea5
 .debug_info    0x0000000000000000     0x2004 /tmp/ccLSZGxt.o
 .debug_info    0x0000000000002004      0xc59 /tmp/ccUd1ER8.o
 .debug_info    0x0000000000002c5d     0x20a2 /tmp/ccd4x5Bm.o
 .debug_info    0x0000000000004cff     0x1730 /home/anhnt_iti2/work/freedom_tools/freedom-e-sdk/bsp/arty_a7_100t/install/lib/debug//libmetal.a(inline.o)
 .debug_info    0x000000000000642f     0x1dc6 /home/anhnt_iti2/work/freedom_tools/freedom-e-sdk/bsp/arty_a7_100t/install/lib/debug//libmetal.a(riscv_clint0.o)
 .debug_info    0x00000000000081f5     0x2dde /home/anhnt_iti2/work/freedom_tools/freedom-e-sdk/bsp/arty_a7_100t/install/lib/debug//libmetal.a(riscv_cpu.o)
 .debug_info    0x000000000000afd3     0x1efc /home/anhnt_iti2/work/freedom_tools/freedom-e-sdk/bsp/arty_a7_100t/install/lib/debug//libmetal.a(riscv_plic0.o)
 .debug_info    0x000000000000cecf     0x2423 /home/anhnt_iti2/work/freedom_tools/freedom-e-sdk/bsp/arty_a7_100t/install/lib/debug//libmetal.a(sifive_i2c0.o)
 .debug_info    0x000000000000f2f2     0x1dbb /home/anhnt_iti2/work/freedom_tools/freedom-e-sdk/bsp/arty_a7_100t/install/lib/debug//libmetal.a(sifive_uart0.o)
 .debug_info    0x00000000000110ad      0x2fb /home/anhnt_iti2/work/freedom_tools/freedom-e-sdk/bsp/arty_a7_100t/install/lib/debug//libmetal.a(clock.o)
 .debug_info    0x00000000000113a8     0x1aa4 /home/anhnt_iti2/work/freedom_tools/freedom-e-sdk/bsp/arty_a7_100t/install/lib/debug//libmetal.a(cpu.o)
 .debug_info    0x0000000000012e4c       0x22 /home/anhnt_iti2/work/freedom_tools/freedom-e-sdk/bsp/arty_a7_100t/install/lib/debug//libmetal.a(entry.o)
 .debug_info    0x0000000000012e6e       0x2e /home/anhnt_iti2/work/freedom_tools/freedom-e-sdk/bsp/arty_a7_100t/install/lib/debug//libmetal.a(scrub.o)
 .debug_info    0x0000000000012e9c       0x22 /home/anhnt_iti2/work/freedom_tools/freedom-e-sdk/bsp/arty_a7_100t/install/lib/debug//libmetal.a(trap.o)
 .debug_info    0x0000000000012ebe     0x1898 /home/anhnt_iti2/work/freedom_tools/freedom-e-sdk/bsp/arty_a7_100t/install/lib/debug//libmetal.a(i2c.o)
 .debug_info    0x0000000000014756     0x171f /home/anhnt_iti2/work/freedom_tools/freedom-e-sdk/bsp/arty_a7_100t/install/lib/debug//libmetal.a(shutdown.o)
 .debug_info    0x0000000000015e75      0xa41 /home/anhnt_iti2/work/freedom_tools/freedom-e-sdk/bsp/arty_a7_100t/install/lib/debug//libmetal.a(time.o)
 .debug_info    0x00000000000168b6     0x19f2 /home/anhnt_iti2/work/freedom_tools/freedom-e-sdk/bsp/arty_a7_100t/install/lib/debug//libmetal.a(uart.o)
 .debug_info    0x00000000000182a8       0x2e /home/anhnt_iti2/work/freedom_tools/freedom-e-sdk/bsp/arty_a7_100t/install/lib/debug//libmetal.a(vector.o)
 .debug_info    0x00000000000182d6     0x1704 /home/anhnt_iti2/work/freedom_tools/freedom-e-sdk/bsp/arty_a7_100t/install/lib/debug//libmetal.a(fixed-clock.o)
 .debug_info    0x00000000000199da     0x2043 /home/anhnt_iti2/work/freedom_tools/freedom-e-sdk/bsp/arty_a7_100t/install/lib/debug//libmetal.a(timer.o)
 .debug_info    0x000000000001ba1d       0x2e /home/anhnt_iti2/work/freedom_tools/freedom-e-sdk/bsp/arty_a7_100t/install/lib/debug//libmetal-gloss.a(crt0.o)
 .debug_info    0x000000000001ba4b      0x978 /home/anhnt_iti2/work/freedom_tools/freedom-e-sdk/bsp/arty_a7_100t/install/lib/debug//libmetal-gloss.a(sys_close.o)
 .debug_info    0x000000000001c3c3      0xbaf /home/anhnt_iti2/work/freedom_tools/freedom-e-sdk/bsp/arty_a7_100t/install/lib/debug//libmetal-gloss.a(sys_fstat.o)
 .debug_info    0x000000000001cf72       0xf9 /home/anhnt_iti2/work/freedom_tools/freedom-e-sdk/bsp/arty_a7_100t/install/lib/debug//libmetal-gloss.a(sys_isatty.o)
 .debug_info    0x000000000001d06b      0x9ae /home/anhnt_iti2/work/freedom_tools/freedom-e-sdk/bsp/arty_a7_100t/install/lib/debug//libmetal-gloss.a(sys_lseek.o)
 .debug_info    0x000000000001da19      0x9ae /home/anhnt_iti2/work/freedom_tools/freedom-e-sdk/bsp/arty_a7_100t/install/lib/debug//libmetal-gloss.a(sys_read.o)
 .debug_info    0x000000000001e3c7      0x128 /home/anhnt_iti2/work/freedom_tools/freedom-e-sdk/bsp/arty_a7_100t/install/lib/debug//libmetal-gloss.a(sys_sbrk.o)
 .debug_info    0x000000000001e4ef      0xa35 /home/anhnt_iti2/work/freedom_tools/freedom-e-sdk/bsp/arty_a7_100t/install/lib/debug//libmetal-gloss.a(sys_write.o)
 .debug_info    0x000000000001ef24      0x1d0 /home/anhnt_iti2/work/freedom_tools/freedom-e-sdk/bsp/arty_a7_100t/install/lib/debug//libmetal.a(init.o)
 .debug_info    0x000000000001f0f4     0x166c /home/anhnt_iti2/work/freedom_tools/freedom-e-sdk/bsp/arty_a7_100t/install/lib/debug//libmetal.a(synchronize_harts.o)
 .debug_info    0x0000000000020760     0x16ea /home/anhnt_iti2/work/freedom_tools/freedom-e-sdk/bsp/arty_a7_100t/install/lib/debug//libmetal.a(tty.o)
 .debug_info    0x0000000000021e4a       0x5b /home/anhnt_iti2/work/freedom_tools/freedom-e-sdk/bsp/arty_a7_100t/install/lib/debug//libmetal-gloss.a(sys_exit.o)

.debug_abbrev   0x0000000000000000     0x3429
 .debug_abbrev  0x0000000000000000      0x234 /tmp/ccLSZGxt.o
 .debug_abbrev  0x0000000000000234      0x230 /tmp/ccUd1ER8.o